=== MacroObras — estação Jazzy estabilizada ===
Projeto: /home/icarogdo/dev/macroobras-jazzy/app/macroobras
Endereço: http://127.0.0.1:7654/?surface=admin
Relatório: /home/icarogdo/dev/macroobras-jazzy/app/macroobras/.macroobras/runtime/jazzy-stability-20260729-015354.log

==> 1/5 Encerrando processos conflitantes
==> 2/5 Validando os módulos JavaScript
JavaScript válido: 68 arquivo(s)
==> 3/5 Gerando o frontend
Configuração de runtime gerada sem exibir a chave.
Fonte: /home/icarogdo/.config/macroobras/google-maps.env
Saída: /home/icarogdo/dev/macroobras-jazzy/app/macroobras/frontend/dist/runtime-config.local.js
Frontend built at frontend/dist
==> 4/5 Compilando servidor Linux em release
Hint: used config file '/etc/nim/nim.cfg' [Conf]
Hint: used config file '/etc/nim/config.nims' [Conf]
...................................................................................................................................................................................................................................................................................................................................
/home/icarogdo/dev/macroobras-jazzy/app/macroobras/src/macroobras/collaborator_service.nim(293, 6) Hint: 'lanAppUrl' is declared but not used [XDeclaredButNotUsed]
/home/icarogdo/dev/macroobras-jazzy/app/macroobras/src/macroobras/collaborator_service.nim(299, 6) Hint: 'lanApiUrl' is declared but not used [XDeclaredButNotUsed]
....
/home/icarogdo/.nimble/pkgs2/jazzy_desktop-0.1.1-58762c3a589cb3c34652eaa3bacdcb691eda8c49/jazzy_desktop/macros.nim(55, 12) Hint: 'args' is declared but not used [XDeclaredButNotUsed]
/home/icarogdo/.nimble/pkgs2/jazzy_desktop-0.1.1-58762c3a589cb3c34652eaa3bacdcb691eda8c49/jazzy_desktop/macros.nim(55, 12) Hint: 'args' is declared but not used [XDeclaredButNotUsed]
/home/icarogdo/.nimble/pkgs2/jazzy_desktop-0.1.1-58762c3a589cb3c34652eaa3bacdcb691eda8c49/jazzy_desktop/macros.nim(55, 12) Hint: 'args' is declared but not used [XDeclaredButNotUsed]
/home/icarogdo/.nimble/pkgs2/jazzy_desktop-0.1.1-58762c3a589cb3c34652eaa3bacdcb691eda8c49/jazzy_desktop/macros.nim(55, 12) Hint: 'args' is declared but not used [XDeclaredButNotUsed]
/home/icarogdo/.nimble/pkgs2/jazzy_desktop-0.1.1-58762c3a589cb3c34652eaa3bacdcb691eda8c49/jazzy_desktop/macros.nim(55, 12) Hint: 'args' is declared but not used [XDeclaredButNotUsed]
/home/icarogdo/.nimble/pkgs2/jazzy_desktop-0.1.1-58762c3a589cb3c34652eaa3bacdcb691eda8c49/jazzy_desktop/macros.nim(55, 12) Hint: 'args' is declared but not used [XDeclaredButNotUsed]
/home/icarogdo/.nimble/pkgs2/jazzy_desktop-0.1.1-58762c3a589cb3c34652eaa3bacdcb691eda8c49/jazzy_desktop/macros.nim(55, 12) Hint: 'args' is declared but not used [XDeclaredButNotUsed]
/home/icarogdo/.nimble/pkgs2/jazzy_desktop-0.1.1-58762c3a589cb3c34652eaa3bacdcb691eda8c49/jazzy_desktop/macros.nim(55, 12) Hint: 'args' is declared but not used [XDeclaredButNotUsed]
/home/icarogdo/.nimble/pkgs2/jazzy_desktop-0.1.1-58762c3a589cb3c34652eaa3bacdcb691eda8c49/jazzy_desktop/macros.nim(55, 12) Hint: 'args' is declared but not used [XDeclaredButNotUsed]
/home/icarogdo/.nimble/pkgs2/jazzy_desktop-0.1.1-58762c3a589cb3c34652eaa3bacdcb691eda8c49/jazzy_desktop/macros.nim(55, 12) Hint: 'args' is declared but not used [XDeclaredButNotUsed]
/home/icarogdo/.nimble/pkgs2/jazzy_desktop-0.1.1-58762c3a589cb3c34652eaa3bacdcb691eda8c49/jazzy_desktop/macros.nim(55, 12) Hint: 'args' is declared but not used [XDeclaredButNotUsed]
/home/icarogdo/.nimble/pkgs2/jazzy_desktop-0.1.1-58762c3a589cb3c34652eaa3bacdcb691eda8c49/jazzy_desktop/macros.nim(55, 12) Hint: 'args' is declared but not used [XDeclaredButNotUsed]
/home/icarogdo/.nimble/pkgs2/jazzy_desktop-0.1.1-58762c3a589cb3c34652eaa3bacdcb691eda8c49/jazzy_desktop/macros.nim(55, 12) Hint: 'args' is declared but not used [XDeclaredButNotUsed]
/home/icarogdo/.nimble/pkgs2/jazzy_desktop-0.1.1-58762c3a589cb3c34652eaa3bacdcb691eda8c49/jazzy_desktop/macros.nim(55, 12) Hint: 'args' is declared but not used [XDeclaredButNotUsed]
/home/icarogdo/.nimble/pkgs2/jazzy_desktop-0.1.1-58762c3a589cb3c34652eaa3bacdcb691eda8c49/jazzy_desktop/macros.nim(55, 12) Hint: 'args' is declared but not used [XDeclaredButNotUsed]
/home/icarogdo/.nimble/pkgs2/jazzy_desktop-0.1.1-58762c3a589cb3c34652eaa3bacdcb691eda8c49/jazzy_desktop/macros.nim(55, 12) Hint: 'args' is declared but not used [XDeclaredButNotUsed]
/home/icarogdo/.nimble/pkgs2/jazzy_desktop-0.1.1-58762c3a589cb3c34652eaa3bacdcb691eda8c49/jazzy_desktop/macros.nim(55, 12) Hint: 'args' is declared but not used [XDeclaredButNotUsed]
/home/icarogdo/.nimble/pkgs2/jazzy_desktop-0.1.1-58762c3a589cb3c34652eaa3bacdcb691eda8c49/jazzy_desktop/macros.nim(55, 12) Hint: 'args' is declared but not used [XDeclaredButNotUsed]
/home/icarogdo/.nimble/pkgs2/jazzy_desktop-0.1.1-58762c3a589cb3c34652eaa3bacdcb691eda8c49/jazzy_desktop/macros.nim(55, 12) Hint: 'args' is declared but not used [XDeclaredButNotUsed]
/home/icarogdo/.nimble/pkgs2/jazzy_desktop-0.1.1-58762c3a589cb3c34652eaa3bacdcb691eda8c49/jazzy_desktop/macros.nim(55, 12) Hint: 'args' is declared but not used [XDeclaredButNotUsed]
/home/icarogdo/.nimble/pkgs2/jazzy_desktop-0.1.1-58762c3a589cb3c34652eaa3bacdcb691eda8c49/jazzy_desktop/macros.nim(55, 12) Hint: 'args' is declared but not used [XDeclaredButNotUsed]
/home/icarogdo/.nimble/pkgs2/jazzy_desktop-0.1.1-58762c3a589cb3c34652eaa3bacdcb691eda8c49/jazzy_desktop/macros.nim(55, 12) Hint: 'args' is declared but not used [XDeclaredButNotUsed]
/home/icarogdo/.nimble/pkgs2/jazzy_desktop-0.1.1-58762c3a589cb3c34652eaa3bacdcb691eda8c49/jazzy_desktop/macros.nim(55, 12) Hint: 'args' is declared but not used [XDeclaredButNotUsed]
/home/icarogdo/.nimble/pkgs2/jazzy_desktop-0.1.1-58762c3a589cb3c34652eaa3bacdcb691eda8c49/jazzy_desktop/macros.nim(55, 12) Hint: 'args' is declared but not used [XDeclaredButNotUsed]
Hint:  [Link]
Hint: mm: orc; threads: on; opt: speed; options: -d:release
110484 lines; 2.711s; 334.344MiB peakmem; proj: /home/icarogdo/dev/macroobras-jazzy/app/macroobras/src/app.nim; out: /home/icarogdo/dev/macroobras-jazzy/app/macroobras/src/app-release [SuccessX]
==> 5/5 Iniciando com supervisão de falha

--- Execução 1/3 ---
[90m2026-07-29 01:53:59[0m [32m[1m[INFO ][0m 🎷 Jazzy running in release mode on http://127.0.0.1:7654
Abrindo em uma sessão de navegador existente.
[90m2026-07-29 01:53:59[0m [32m[1m[INFO ][0m ← POST /rpc/obterStatusBootstrap 200 4.5ms [1c19b131]
[90m2026-07-29 01:54:01[0m [32m[1m[INFO ][0m ← POST /rpc/autenticarAdministradorContato 200 0.2ms [22b16bb4]
[90m2026-07-29 01:54:02[0m [32m[1m[INFO ][0m ← POST /rpc/obterStatusBootstrap 200 4.2ms [49b5433f]
[90m2026-07-29 01:54:03[0m [32m[1m[INFO ][0m ← POST /rpc/autenticarAdministradorContato 200 0.1ms [db8acb4d]
[90m2026-07-29 01:54:07[0m [32m[1m[INFO ][0m ← POST /rpc/obterStatusPlataformaMobile 200 4.5ms [00818090]
[90m2026-07-29 01:54:09[0m [32m[1m[INFO ][0m ← POST /rpc/obterStatusPlataformaMobile 200 6.0ms [97adb9ac]
[90m2026-07-29 01:54:14[0m [32m[1m[INFO ][0m ← POST /rpc/obterStatusPlataformaMobile 200 3.8ms [cd3f1435]
[90m2026-07-29 01:54:16[0m [32m[1m[INFO ][0m ← POST /rpc/obterStatusPlataformaMobile 200 6.0ms [c4b8f8f8]
[90m2026-07-29 01:54:20[0m [32m[1m[INFO ][0m ← POST /rpc/obterStatusOkf 200 0.1ms [252c2cdd]
[90m2026-07-29 01:54:21[0m [32m[1m[INFO ][0m ← POST /rpc/obterStatusPlataformaMobile 200 3.9ms [79489d1b]
[90m2026-07-29 01:54:21[0m [33m[1m[WARN ][0m ← GET /.well-known/appspecific/com.chrome.devtools.json 404 0.1ms [1b3ea6d9]
[90m2026-07-29 01:54:22[0m [32m[1m[INFO ][0m ← POST /rpc/obterStatusOkf 200 0.2ms [d8a20f7e]
[90m2026-07-29 01:54:23[0m [32m[1m[INFO ][0m ← POST /rpc/obterStatusPlataformaMobile 200 3.8ms [36ea1aaf]
[90m2026-07-29 01:54:28[0m [32m[1m[INFO ][0m ← POST /rpc/obterStatusPlataformaMobile 200 3.6ms [d9184ce5]
[90m2026-07-29 01:54:30[0m [32m[1m[INFO ][0m ← POST /rpc/obterStatusPlataformaMobile 200 5.3ms [195d3670]
[90m2026-07-29 01:54:35[0m [32m[1m[INFO ][0m ← POST /rpc/obterStatusPlataformaMobile 200 3.6ms [5ebe90fa]
[90m2026-07-29 01:54:37[0m [32m[1m[INFO ][0m ← POST /rpc/obterStatusPlataformaMobile 200 4.1ms [1c2a7b3b]
[90m2026-07-29 01:54:40[0m [32m[1m[INFO ][0m ← POST /rpc/obterStatusOkf 200 0.1ms [29b8b48e]
[90m2026-07-29 01:54:42[0m [32m[1m[INFO ][0m ← POST /rpc/obterStatusPlataformaMobile 200 6.0ms [f130f511]
[90m2026-07-29 01:54:42[0m [32m[1m[INFO ][0m ← POST /rpc/obterStatusOkf 200 0.2ms [c27bff10]
[90m2026-07-29 01:54:44[0m [32m[1m[INFO ][0m ← POST /rpc/obterStatusPlataformaMobile 200 4.0ms [c026e991]
[90m2026-07-29 01:54:49[0m [32m[1m[INFO ][0m ← POST /rpc/obterStatusPlataformaMobile 200 3.6ms [63558d05]
[90m2026-07-29 01:54:51[0m [32m[1m[INFO ][0m ← POST /rpc/obterStatusPlataformaMobile 200 5.8ms [0a2f5460]
[90m2026-07-29 01:54:56[0m [32m[1m[INFO ][0m ← POST /rpc/obterStatusPlataformaMobile 200 3.8ms [90726514]
[90m2026-07-29 01:54:58[0m [32m[1m[INFO ][0m ← POST /rpc/obterStatusPlataformaMobile 200 3.5ms [386ef8b9]
[90m2026-07-29 01:55:00[0m [32m[1m[INFO ][0m ← POST /rpc/obterStatusOkf 200 0.2ms [15ece818]
[90m2026-07-29 01:55:02[0m [32m[1m[INFO ][0m ← POST /rpc/obterStatusOkf 200 0.1ms [9f7a018e]
[90m2026-07-29 01:55:05[0m [32m[1m[INFO ][0m ← POST /rpc/obterStatusPlataformaMobile 200 6.0ms [92d461c0]
[90m2026-07-29 01:55:12[0m [32m[1m[INFO ][0m ← POST /rpc/obterStatusPlataformaMobile 200 3.7ms [f1342278]
[90m2026-07-29 01:55:20[0m [32m[1m[INFO ][0m ← POST /rpc/obterStatusOkf 200 0.1ms [f232007a]
[90m2026-07-29 01:55:20[0m [32m[1m[INFO ][0m ← POST /rpc/obterStatusPlataformaMobile 200 4.4ms [afe9ade0]
[90m2026-07-29 01:55:20[0m [32m[1m[INFO ][0m ← POST /rpc/obterStatusPlataformaMobile 200 5.5ms [f32dbaf7]
[90m2026-07-29 01:55:23[0m [32m[1m[INFO ][0m ← POST /rpc/obterStatusOkf 200 0.2ms [747a7c20]
[90m2026-07-29 01:55:27[0m [32m[1m[INFO ][0m ← POST /rpc/obterStatusPlataformaMobile 200 5.2ms [2a3e5140]
[90m2026-07-29 01:55:34[0m [32m[1m[INFO ][0m ← POST /rpc/obterStatusPlataformaMobile 200 3.8ms [4055f749]
[90m2026-07-29 01:55:40[0m [32m[1m[INFO ][0m ← POST /rpc/obterStatusOkf 200 0.2ms [21600e0f]
[90m2026-07-29 01:55:41[0m [32m[1m[INFO ][0m ← POST /rpc/obterStatusPlataformaMobile 200 5.3ms [e0a1910d]
[90m2026-07-29 01:55:43[0m [32m[1m[INFO ][0m ← POST /rpc/obterStatusOkf 200 0.2ms [e082eef9]
[90m2026-07-29 01:55:48[0m [32m[1m[INFO ][0m ← POST /rpc/obterStatusPlataformaMobile 200 5.4ms [3d1bb009]
[90m2026-07-29 01:55:55[0m [32m[1m[INFO ][0m ← POST /rpc/obterStatusPlataformaMobile 200 3.5ms [bdb8a219]
[90m2026-07-29 01:56:00[0m [32m[1m[INFO ][0m ← POST /rpc/obterStatusOkf 200 0.2ms [0e1eff2c]
[90m2026-07-29 01:56:02[0m [32m[1m[INFO ][0m ← POST /rpc/obterStatusPlataformaMobile 200 5.2ms [893763f4]
[90m2026-07-29 01:56:03[0m [32m[1m[INFO ][0m ← POST /rpc/obterStatusOkf 200 0.2ms [ed18418f]
[90m2026-07-29 01:56:09[0m [32m[1m[INFO ][0m ← POST /rpc/obterStatusPlataformaMobile 200 4.0ms [c65e2e41]
[90m2026-07-29 01:56:20[0m [32m[1m[INFO ][0m ← POST /rpc/obterStatusOkf 200 0.2ms [a8b25a8b]
[90m2026-07-29 01:56:20[0m [32m[1m[INFO ][0m ← POST /rpc/obterStatusPlataformaMobile 200 4.9ms [f1e1d015]
[90m2026-07-29 01:56:20[0m [32m[1m[INFO ][0m ← POST /rpc/obterStatusPlataformaMobile 200 6.6ms [5a2b079a]
[90m2026-07-29 01:57:20[0m [32m[1m[INFO ][0m ← POST /rpc/obterStatusOkf 200 0.1ms [7f61c123]
[90m2026-07-29 01:57:20[0m [32m[1m[INFO ][0m ← POST /rpc/obterStatusOkf 200 0.1ms [b66de1ad]
[90m2026-07-29 01:57:20[0m [32m[1m[INFO ][0m ← POST /rpc/obterStatusPlataformaMobile 200 4.5ms [206eaa59]
[90m2026-07-29 01:57:20[0m [32m[1m[INFO ][0m ← POST /rpc/obterStatusPlataformaMobile 200 6.5ms [c4bc1074]
[90m2026-07-29 01:58:20[0m [32m[1m[INFO ][0m ← POST /rpc/obterStatusOkf 200 0.1ms [d784d5e7]
[90m2026-07-29 01:58:20[0m [32m[1m[INFO ][0m ← POST /rpc/obterStatusOkf 200 0.1ms [e563ddb3]
[90m2026-07-29 01:58:20[0m [32m[1m[INFO ][0m ← POST /rpc/obterStatusPlataformaMobile 200 4.8ms [5c5a3cb5]
[90m2026-07-29 01:58:20[0m [32m[1m[INFO ][0m ← POST /rpc/obterStatusPlataformaMobile 200 4.5ms [3d9abbff]
[90m2026-07-29 01:59:20[0m [32m[1m[INFO ][0m ← POST /rpc/obterStatusOkf 200 0.1ms [577bd2a0]
[90m2026-07-29 01:59:20[0m [32m[1m[INFO ][0m ← POST /rpc/obterStatusOkf 200 0.1ms [f41b6e9b]
[90m2026-07-29 01:59:20[0m [32m[1m[INFO ][0m ← POST /rpc/obterStatusPlataformaMobile 200 4.9ms [033c3aa4]
[90m2026-07-29 01:59:20[0m [32m[1m[INFO ][0m ← POST /rpc/obterStatusPlataformaMobile 200 4.9ms [196f44b3]
Traceback (most recent call last)
app.nim(217)             app
core.nim(46)             runDesktopAppInternal
SIGINT: Interrupted by Ctrl-C.

Estação encerrada pelo usuário.
