=== MacroObras — estação Jazzy estabilizada ===
Projeto: /home/icarogdo/dev/macroobras-jazzy/app/macroobras
Endereço: http://127.0.0.1:7654/?surface=admin
Relatório: /home/icarogdo/dev/macroobras-jazzy/app/macroobras/.macroobras/runtime/jazzy-stability-20260729-013045.log

==> 1/5 Encerrando processos conflitantes
==> 2/5 Validando os módulos JavaScript
JavaScript válido: 67 arquivo(s)
==> 3/5 Gerando o frontend
Configuração de runtime gerada sem exibir a chave.
Fonte: /home/icarogdo/.config/macroobras/google-maps.env
Saída: /home/icarogdo/dev/macroobras-jazzy/app/macroobras/frontend/dist/runtime-config.local.js
Frontend built at frontend/dist
==> 4/5 Compilando servidor Linux em release
Hint: used config file '/etc/nim/nim.cfg' [Conf]
Hint: used config file '/etc/nim/config.nims' [Conf]
...................................................................................................................................................................................................................................................................................................................................
/home/icarogdo/dev/macroobras-jazzy/app/macroobras/src/macroobras/collaborator_service.nim(293, 6) Hint: 'lanAppUrl' is declared but not used [XDeclaredButNotUsed]
/home/icarogdo/dev/macroobras-jazzy/app/macroobras/src/macroobras/collaborator_service.nim(299, 6) Hint: 'lanApiUrl' is declared but not used [XDeclaredButNotUsed]
....
/home/icarogdo/.nimble/pkgs2/jazzy_desktop-0.1.1-58762c3a589cb3c34652eaa3bacdcb691eda8c49/jazzy_desktop/macros.nim(55, 12) Hint: 'args' is declared but not used [XDeclaredButNotUsed]
/home/icarogdo/.nimble/pkgs2/jazzy_desktop-0.1.1-58762c3a589cb3c34652eaa3bacdcb691eda8c49/jazzy_desktop/macros.nim(55, 12) Hint: 'args' is declared but not used [XDeclaredButNotUsed]
/home/icarogdo/.nimble/pkgs2/jazzy_desktop-0.1.1-58762c3a589cb3c34652eaa3bacdcb691eda8c49/jazzy_desktop/macros.nim(55, 12) Hint: 'args' is declared but not used [XDeclaredButNotUsed]
/home/icarogdo/.nimble/pkgs2/jazzy_desktop-0.1.1-58762c3a589cb3c34652eaa3bacdcb691eda8c49/jazzy_desktop/macros.nim(55, 12) Hint: 'args' is declared but not used [XDeclaredButNotUsed]
/home/icarogdo/.nimble/pkgs2/jazzy_desktop-0.1.1-58762c3a589cb3c34652eaa3bacdcb691eda8c49/jazzy_desktop/macros.nim(55, 12) Hint: 'args' is declared but not used [XDeclaredButNotUsed]
/home/icarogdo/.nimble/pkgs2/jazzy_desktop-0.1.1-58762c3a589cb3c34652eaa3bacdcb691eda8c49/jazzy_desktop/macros.nim(55, 12) Hint: 'args' is declared but not used [XDeclaredButNotUsed]
/home/icarogdo/.nimble/pkgs2/jazzy_desktop-0.1.1-58762c3a589cb3c34652eaa3bacdcb691eda8c49/jazzy_desktop/macros.nim(55, 12) Hint: 'args' is declared but not used [XDeclaredButNotUsed]
/home/icarogdo/.nimble/pkgs2/jazzy_desktop-0.1.1-58762c3a589cb3c34652eaa3bacdcb691eda8c49/jazzy_desktop/macros.nim(55, 12) Hint: 'args' is declared but not used [XDeclaredButNotUsed]
/home/icarogdo/.nimble/pkgs2/jazzy_desktop-0.1.1-58762c3a589cb3c34652eaa3bacdcb691eda8c49/jazzy_desktop/macros.nim(55, 12) Hint: 'args' is declared but not used [XDeclaredButNotUsed]
/home/icarogdo/.nimble/pkgs2/jazzy_desktop-0.1.1-58762c3a589cb3c34652eaa3bacdcb691eda8c49/jazzy_desktop/macros.nim(55, 12) Hint: 'args' is declared but not used [XDeclaredButNotUsed]
/home/icarogdo/.nimble/pkgs2/jazzy_desktop-0.1.1-58762c3a589cb3c34652eaa3bacdcb691eda8c49/jazzy_desktop/macros.nim(55, 12) Hint: 'args' is declared but not used [XDeclaredButNotUsed]
/home/icarogdo/.nimble/pkgs2/jazzy_desktop-0.1.1-58762c3a589cb3c34652eaa3bacdcb691eda8c49/jazzy_desktop/macros.nim(55, 12) Hint: 'args' is declared but not used [XDeclaredButNotUsed]
/home/icarogdo/.nimble/pkgs2/jazzy_desktop-0.1.1-58762c3a589cb3c34652eaa3bacdcb691eda8c49/jazzy_desktop/macros.nim(55, 12) Hint: 'args' is declared but not used [XDeclaredButNotUsed]
/home/icarogdo/.nimble/pkgs2/jazzy_desktop-0.1.1-58762c3a589cb3c34652eaa3bacdcb691eda8c49/jazzy_desktop/macros.nim(55, 12) Hint: 'args' is declared but not used [XDeclaredButNotUsed]
/home/icarogdo/.nimble/pkgs2/jazzy_desktop-0.1.1-58762c3a589cb3c34652eaa3bacdcb691eda8c49/jazzy_desktop/macros.nim(55, 12) Hint: 'args' is declared but not used [XDeclaredButNotUsed]
/home/icarogdo/.nimble/pkgs2/jazzy_desktop-0.1.1-58762c3a589cb3c34652eaa3bacdcb691eda8c49/jazzy_desktop/macros.nim(55, 12) Hint: 'args' is declared but not used [XDeclaredButNotUsed]
/home/icarogdo/.nimble/pkgs2/jazzy_desktop-0.1.1-58762c3a589cb3c34652eaa3bacdcb691eda8c49/jazzy_desktop/macros.nim(55, 12) Hint: 'args' is declared but not used [XDeclaredButNotUsed]
/home/icarogdo/.nimble/pkgs2/jazzy_desktop-0.1.1-58762c3a589cb3c34652eaa3bacdcb691eda8c49/jazzy_desktop/macros.nim(55, 12) Hint: 'args' is declared but not used [XDeclaredButNotUsed]
/home/icarogdo/.nimble/pkgs2/jazzy_desktop-0.1.1-58762c3a589cb3c34652eaa3bacdcb691eda8c49/jazzy_desktop/macros.nim(55, 12) Hint: 'args' is declared but not used [XDeclaredButNotUsed]
/home/icarogdo/.nimble/pkgs2/jazzy_desktop-0.1.1-58762c3a589cb3c34652eaa3bacdcb691eda8c49/jazzy_desktop/macros.nim(55, 12) Hint: 'args' is declared but not used [XDeclaredButNotUsed]
/home/icarogdo/.nimble/pkgs2/jazzy_desktop-0.1.1-58762c3a589cb3c34652eaa3bacdcb691eda8c49/jazzy_desktop/macros.nim(55, 12) Hint: 'args' is declared but not used [XDeclaredButNotUsed]
/home/icarogdo/.nimble/pkgs2/jazzy_desktop-0.1.1-58762c3a589cb3c34652eaa3bacdcb691eda8c49/jazzy_desktop/macros.nim(55, 12) Hint: 'args' is declared but not used [XDeclaredButNotUsed]
/home/icarogdo/.nimble/pkgs2/jazzy_desktop-0.1.1-58762c3a589cb3c34652eaa3bacdcb691eda8c49/jazzy_desktop/macros.nim(55, 12) Hint: 'args' is declared but not used [XDeclaredButNotUsed]
/home/icarogdo/.nimble/pkgs2/jazzy_desktop-0.1.1-58762c3a589cb3c34652eaa3bacdcb691eda8c49/jazzy_desktop/macros.nim(55, 12) Hint: 'args' is declared but not used [XDeclaredButNotUsed]
Hint:  [Link]
Hint: mm: orc; threads: on; opt: speed; options: -d:release
110484 lines; 2.714s; 334.344MiB peakmem; proj: /home/icarogdo/dev/macroobras-jazzy/app/macroobras/src/app.nim; out: /home/icarogdo/dev/macroobras-jazzy/app/macroobras/src/app-release [SuccessX]
==> 5/5 Iniciando com supervisão de falha

--- Execução 1/3 ---
[90m2026-07-29 01:30:50[0m [32m[1m[INFO ][0m 🎷 Jazzy running in release mode on http://127.0.0.1:7654
Abrindo em uma sessão de navegador existente.
[90m2026-07-29 01:30:51[0m [32m[1m[INFO ][0m ← POST /rpc/obterStatusBootstrap 200 4.0ms [2a162ade]
[90m2026-07-29 01:30:53[0m [32m[1m[INFO ][0m ← POST /rpc/obterStatusBootstrap 200 4.3ms [37201476]
[90m2026-07-29 01:30:54[0m [32m[1m[INFO ][0m ← POST /rpc/autenticarAdministradorContato 200 0.2ms [6217bc2d]
[90m2026-07-29 01:31:00[0m [32m[1m[INFO ][0m ← POST /rpc/obterStatusPlataformaMobile 200 5.0ms [9fc15f46]
[90m2026-07-29 01:31:07[0m [32m[1m[INFO ][0m ← POST /rpc/obterStatusPlataformaMobile 200 4.1ms [94ce82ed]
[90m2026-07-29 01:31:13[0m [32m[1m[INFO ][0m ← POST /rpc/obterStatusOkf 200 0.2ms [d665a9e8]
[90m2026-07-29 01:31:14[0m [32m[1m[INFO ][0m ← POST /rpc/obterStatusPlataformaMobile 200 5.0ms [c62438b3]
[90m2026-07-29 01:31:20[0m [32m[1m[INFO ][0m ← POST /rpc/obterStatusPlataformaMobile 200 4.1ms [97dc4248]
[90m2026-07-29 01:31:20[0m [32m[1m[INFO ][0m ← POST /rpc/obterStatusPlataformaMobile 200 4.2ms [c3d6b9d6]
[90m2026-07-29 01:31:20[0m [32m[1m[INFO ][0m ← POST /rpc/obterStatusPlataformaMobile 200 5.0ms [ec7e172f]
[90m2026-07-29 01:31:20[0m [32m[1m[INFO ][0m ← POST /rpc/obterStatusPlataformaMobile 200 4.8ms [510d8d72]
[90m2026-07-29 01:31:20[0m [32m[1m[INFO ][0m ← POST /rpc/obterStatusPlataformaMobile 200 5.8ms [f8b6fc93]
[90m2026-07-29 01:31:20[0m [32m[1m[INFO ][0m ← POST /rpc/obterStatusPlataformaMobile 200 6.2ms [9f6cc881]
[90m2026-07-29 01:31:20[0m [32m[1m[INFO ][0m ← POST /rpc/obterStatusOkf 200 0.1ms [457c682e]
[90m2026-07-29 01:31:20[0m [32m[1m[INFO ][0m ← POST /rpc/obterStatusPlataformaMobile 200 4.4ms [a8a1e153]
[90m2026-07-29 01:31:20[0m [32m[1m[INFO ][0m ← POST /rpc/obterStatusOkf 200 0.1ms [b10ff1a0]
[90m2026-07-29 01:31:20[0m [32m[1m[INFO ][0m ← POST /rpc/obterStatusOkf 200 0.1ms [c27f784b]
[90m2026-07-29 01:31:20[0m [32m[1m[INFO ][0m ← POST /rpc/obterStatusOkf 200 0.1ms [503d1d09]
[90m2026-07-29 01:31:20[0m [32m[1m[INFO ][0m ← POST /rpc/obterStatusOkf 200 0.1ms [78baac46]
[90m2026-07-29 01:31:20[0m [32m[1m[INFO ][0m ← POST /rpc/obterStatusOkf 200 0.1ms [2ae2629e]
[90m2026-07-29 01:31:20[0m [32m[1m[INFO ][0m ← POST /rpc/obterStatusOkf 200 0.1ms [e9409e7d]
[90m2026-07-29 01:31:20[0m [32m[1m[INFO ][0m ← POST /rpc/obterStatusOkf 200 0.1ms [06b2a20b]
[90m2026-07-29 01:31:20[0m [32m[1m[INFO ][0m ← POST /rpc/obterStatusOkf 200 0.1ms [f3de0265]
[90m2026-07-29 01:31:20[0m [32m[1m[INFO ][0m ← POST /rpc/obterStatusPlataformaMobile 200 6.3ms [5e0a2dde]
[90m2026-07-29 01:31:20[0m [32m[1m[INFO ][0m ← POST /rpc/obterStatusPlataformaMobile 200 4.1ms [28ade687]
[90m2026-07-29 01:31:21[0m [32m[1m[INFO ][0m ← POST /rpc/obterStatusPlataformaMobile 200 3.5ms [54998ebc]
[90m2026-07-29 01:31:28[0m [32m[1m[INFO ][0m ← POST /rpc/obterStatusPlataformaMobile 200 3.4ms [70c78bb4]
[90m2026-07-29 01:31:30[0m [33m[1m[WARN ][0m ← GET /.well-known/appspecific/com.chrome.devtools.json 404 0.1ms [677330d1]
[90m2026-07-29 01:31:33[0m [32m[1m[INFO ][0m ← POST /rpc/obterStatusOkf 200 0.1ms [a8b4e78a]
[90m2026-07-29 01:31:35[0m [32m[1m[INFO ][0m ← POST /rpc/obterStatusPlataformaMobile 200 6.2ms [a8ea916d]
[90m2026-07-29 01:31:42[0m [32m[1m[INFO ][0m ← POST /rpc/obterStatusPlataformaMobile 200 5.3ms [cc0f33d4]
[90m2026-07-29 01:31:49[0m [32m[1m[INFO ][0m ← POST /rpc/obterStatusPlataformaMobile 200 6.1ms [3abdae4c]
[90m2026-07-29 01:31:54[0m [32m[1m[INFO ][0m ← POST /rpc/obterStatusOkf 200 0.2ms [de6f7dc8]
[90m2026-07-29 01:31:57[0m [32m[1m[INFO ][0m ← POST /rpc/obterStatusPlataformaMobile 200 4.0ms [e6d6e933]
[90m2026-07-29 01:32:04[0m [32m[1m[INFO ][0m ← POST /rpc/obterStatusPlataformaMobile 200 3.6ms [3212f05d]
[90m2026-07-29 01:32:10[0m [32m[1m[INFO ][0m ← POST /rpc/obterStatusPlataformaMobile 200 5.6ms [1cb74886]
[90m2026-07-29 01:32:13[0m [32m[1m[INFO ][0m ← POST /rpc/obterStatusOkf 200 0.2ms [bdb4f3b8]
[90m2026-07-29 01:32:17[0m [32m[1m[INFO ][0m ← POST /rpc/obterStatusPlataformaMobile 200 6.0ms [a7e37104]
[90m2026-07-29 01:32:20[0m [32m[1m[INFO ][0m ← POST /rpc/obterStatusOkf 200 0.1ms [90416cad]
[90m2026-07-29 01:32:20[0m [32m[1m[INFO ][0m ← POST /rpc/obterStatusPlataformaMobile 200 4.6ms [76f9f095]
[90m2026-07-29 01:32:20[0m [32m[1m[INFO ][0m ← POST /rpc/obterStatusPlataformaMobile 200 5.2ms [f9eb820a]
[90m2026-07-29 01:32:20[0m [32m[1m[INFO ][0m ← POST /rpc/obterStatusPlataformaMobile 200 4.3ms [764cd2ba]
[90m2026-07-29 01:32:20[0m [32m[1m[INFO ][0m ← POST /rpc/obterStatusPlataformaMobile 200 6.4ms [2070609c]
[90m2026-07-29 01:32:20[0m [32m[1m[INFO ][0m ← POST /rpc/obterStatusOkf 200 0.1ms [775f343a]
[90m2026-07-29 01:32:20[0m [32m[1m[INFO ][0m ← POST /rpc/obterStatusPlataformaMobile 200 6.5ms [f7ff5b27]
[90m2026-07-29 01:32:20[0m [32m[1m[INFO ][0m ← POST /rpc/obterStatusOkf 200 0.1ms [28e072a2]
[90m2026-07-29 01:32:20[0m [32m[1m[INFO ][0m ← POST /rpc/obterStatusPlataformaMobile 200 4.3ms [7951d328]
[90m2026-07-29 01:32:20[0m [32m[1m[INFO ][0m ← POST /rpc/obterStatusOkf 200 0.1ms [14ae05c2]
[90m2026-07-29 01:32:20[0m [32m[1m[INFO ][0m ← POST /rpc/obterStatusPlataformaMobile 200 6.5ms [e07559f8]
[90m2026-07-29 01:32:20[0m [32m[1m[INFO ][0m ← POST /rpc/obterStatusOkf 200 0.1ms [9bc7003c]
[90m2026-07-29 01:32:20[0m [32m[1m[INFO ][0m ← POST /rpc/obterStatusOkf 200 0.1ms [6f286774]
[90m2026-07-29 01:32:20[0m [32m[1m[INFO ][0m ← POST /rpc/obterStatusOkf 200 0.1ms [19e39025]
[90m2026-07-29 01:32:20[0m [32m[1m[INFO ][0m ← POST /rpc/obterStatusPlataformaMobile 200 6.3ms [7bf29087]
[90m2026-07-29 01:32:20[0m [32m[1m[INFO ][0m ← POST /rpc/obterStatusOkf 200 0.2ms [99a89678]
[90m2026-07-29 01:32:20[0m [32m[1m[INFO ][0m ← POST /rpc/obterStatusOkf 200 0.1ms [82043385]
[90m2026-07-29 01:32:20[0m [32m[1m[INFO ][0m ← POST /rpc/obterStatusPlataformaMobile 200 4.1ms [ac37550a]
[90m2026-07-29 01:32:24[0m [32m[1m[INFO ][0m ← POST /rpc/obterStatusPlataformaMobile 200 4.0ms [27862a28]
[90m2026-07-29 01:32:31[0m [32m[1m[INFO ][0m ← POST /rpc/obterStatusPlataformaMobile 200 6.0ms [16edcb0b]
[90m2026-07-29 01:32:33[0m [32m[1m[INFO ][0m ← POST /rpc/obterStatusOkf 200 0.1ms [41354fd7]
[90m2026-07-29 01:32:39[0m [32m[1m[INFO ][0m ← POST /rpc/obterStatusPlataformaMobile 200 5.9ms [eb6bee74]
[90m2026-07-29 01:32:46[0m [32m[1m[INFO ][0m ← POST /rpc/obterStatusPlataformaMobile 200 3.7ms [7ae576cf]
[90m2026-07-29 01:32:53[0m [32m[1m[INFO ][0m ← POST /rpc/obterStatusPlataformaMobile 200 4.7ms [6faf1159]
[90m2026-07-29 01:32:54[0m [32m[1m[INFO ][0m ← POST /rpc/obterStatusOkf 200 0.2ms [4b3f7dbb]
[90m2026-07-29 01:32:59[0m [32m[1m[INFO ][0m ← POST /rpc/obterStatusPlataformaMobile 200 4.5ms [0488e230]
[90m2026-07-29 01:33:06[0m [32m[1m[INFO ][0m ← POST /rpc/obterStatusPlataformaMobile 200 3.5ms [d5be4755]
[90m2026-07-29 01:33:13[0m [32m[1m[INFO ][0m ← POST /rpc/obterStatusOkf 200 0.2ms [1d009176]
[90m2026-07-29 01:33:13[0m [32m[1m[INFO ][0m ← POST /rpc/obterStatusPlataformaMobile 200 5.7ms [ae32aea8]
[90m2026-07-29 01:33:20[0m [32m[1m[INFO ][0m ← POST /rpc/obterStatusPlataformaMobile 200 4.5ms [a2282f99]
[90m2026-07-29 01:33:20[0m [32m[1m[INFO ][0m ← POST /rpc/obterStatusPlataformaMobile 200 4.0ms [eb392503]
[90m2026-07-29 01:33:20[0m [32m[1m[INFO ][0m ← POST /rpc/obterStatusPlataformaMobile 200 4.3ms [8072076e]
[90m2026-07-29 01:33:20[0m [32m[1m[INFO ][0m ← POST /rpc/obterStatusPlataformaMobile 200 5.7ms [f31237ec]
[90m2026-07-29 01:33:20[0m [32m[1m[INFO ][0m ← POST /rpc/obterStatusPlataformaMobile 200 5.1ms [b61964e0]
[90m2026-07-29 01:33:20[0m [32m[1m[INFO ][0m ← POST /rpc/obterStatusPlataformaMobile 200 6.3ms [82461f73]
[90m2026-07-29 01:33:20[0m [32m[1m[INFO ][0m ← POST /rpc/obterStatusOkf 200 0.2ms [6ced716b]
[90m2026-07-29 01:33:20[0m [32m[1m[INFO ][0m ← POST /rpc/obterStatusOkf 200 0.1ms [92c62506]
[90m2026-07-29 01:33:20[0m [32m[1m[INFO ][0m ← POST /rpc/obterStatusOkf 200 0.1ms [fb77023b]
[90m2026-07-29 01:33:20[0m [32m[1m[INFO ][0m ← POST /rpc/obterStatusPlataformaMobile 200 5.7ms [2acc411e]
[90m2026-07-29 01:33:20[0m [32m[1m[INFO ][0m ← POST /rpc/obterStatusOkf 200 0.1ms [937ddec3]
[90m2026-07-29 01:33:20[0m [32m[1m[INFO ][0m ← POST /rpc/obterStatusOkf 200 0.1ms [3c1df7de]
[90m2026-07-29 01:33:20[0m [32m[1m[INFO ][0m ← POST /rpc/obterStatusOkf 200 0.1ms [29a84e19]
[90m2026-07-29 01:33:20[0m [32m[1m[INFO ][0m ← POST /rpc/obterStatusOkf 200 0.1ms [e4747aff]
[90m2026-07-29 01:33:20[0m [32m[1m[INFO ][0m ← POST /rpc/obterStatusOkf 200 0.1ms [837a3869]
[90m2026-07-29 01:33:20[0m [32m[1m[INFO ][0m ← POST /rpc/obterStatusOkf 200 0.1ms [3da1dec7]
[90m2026-07-29 01:33:20[0m [32m[1m[INFO ][0m ← POST /rpc/obterStatusPlataformaMobile 200 5.8ms [394a1882]
[90m2026-07-29 01:33:20[0m [32m[1m[INFO ][0m ← POST /rpc/obterStatusPlataformaMobile 200 4.0ms [cd6994e7]
[90m2026-07-29 01:33:20[0m [32m[1m[INFO ][0m ← POST /rpc/obterStatusPlataformaMobile 200 4.3ms [df896d26]
[90m2026-07-29 01:33:27[0m [32m[1m[INFO ][0m ← POST /rpc/obterStatusPlataformaMobile 200 6.1ms [b350724c]
[90m2026-07-29 01:33:33[0m [32m[1m[INFO ][0m ← POST /rpc/obterStatusOkf 200 0.2ms [bb3505ba]
[90m2026-07-29 01:33:34[0m [32m[1m[INFO ][0m ← POST /rpc/obterStatusPlataformaMobile 200 5.5ms [c17c402b]
[90m2026-07-29 01:33:41[0m [32m[1m[INFO ][0m ← POST /rpc/obterStatusPlataformaMobile 200 6.0ms [bee6bcfa]
[90m2026-07-29 01:33:48[0m [32m[1m[INFO ][0m ← POST /rpc/obterStatusPlataformaMobile 200 6.0ms [181ed71e]
[90m2026-07-29 01:33:53[0m [32m[1m[INFO ][0m ← POST /rpc/obterStatusOkf 200 0.2ms [fc7e43bf]
[90m2026-07-29 01:33:55[0m [32m[1m[INFO ][0m ← POST /rpc/obterStatusPlataformaMobile 200 4.1ms [ecdbc964]
[90m2026-07-29 01:34:02[0m [32m[1m[INFO ][0m ← POST /rpc/obterStatusPlataformaMobile 200 6.1ms [37dd22e4]
[90m2026-07-29 01:34:09[0m [32m[1m[INFO ][0m ← POST /rpc/obterStatusPlataformaMobile 200 3.9ms [5ef50ba6]
[90m2026-07-29 01:34:13[0m [32m[1m[INFO ][0m ← POST /rpc/obterStatusOkf 200 0.2ms [61e99624]
[90m2026-07-29 01:34:16[0m [32m[1m[INFO ][0m ← POST /rpc/obterStatusPlataformaMobile 200 4.3ms [1c6609c9]
[90m2026-07-29 01:34:20[0m [32m[1m[INFO ][0m ← POST /rpc/obterStatusPlataformaMobile 200 4.2ms [a2ae8c5c]
[90m2026-07-29 01:34:20[0m [32m[1m[INFO ][0m ← POST /rpc/obterStatusPlataformaMobile 200 4.4ms [ec750569]
[90m2026-07-29 01:34:20[0m [32m[1m[INFO ][0m ← POST /rpc/obterStatusPlataformaMobile 200 4.7ms [2b3059a8]
[90m2026-07-29 01:34:20[0m [32m[1m[INFO ][0m ← POST /rpc/obterStatusPlataformaMobile 200 5.8ms [f1be921e]
[90m2026-07-29 01:34:20[0m [32m[1m[INFO ][0m ← POST /rpc/obterStatusPlataformaMobile 200 6.4ms [f5303c5c]
[90m2026-07-29 01:34:20[0m [32m[1m[INFO ][0m ← POST /rpc/obterStatusPlataformaMobile 200 6.5ms [ab7fac81]
[90m2026-07-29 01:34:20[0m [32m[1m[INFO ][0m ← POST /rpc/obterStatusOkf 200 0.1ms [f3aaf1ce]
[90m2026-07-29 01:34:20[0m [32m[1m[INFO ][0m ← POST /rpc/obterStatusOkf 200 0.1ms [fba30e5a]
[90m2026-07-29 01:34:20[0m [32m[1m[INFO ][0m ← POST /rpc/obterStatusOkf 200 0.2ms [0ee7a5b0]
[90m2026-07-29 01:34:20[0m [32m[1m[INFO ][0m ← POST /rpc/obterStatusOkf 200 0.1ms [d7f8ebbb]
[90m2026-07-29 01:34:20[0m [32m[1m[INFO ][0m ← POST /rpc/obterStatusOkf 200 0.1ms [47f55e36]
[90m2026-07-29 01:34:20[0m [32m[1m[INFO ][0m ← POST /rpc/obterStatusOkf 200 0.1ms [1f995b4c]
[90m2026-07-29 01:34:20[0m [32m[1m[INFO ][0m ← POST /rpc/obterStatusOkf 200 0.1ms [36bbce15]
[90m2026-07-29 01:34:20[0m [32m[1m[INFO ][0m ← POST /rpc/obterStatusOkf 200 0.1ms [a253ca6a]
[90m2026-07-29 01:34:20[0m [32m[1m[INFO ][0m ← POST /rpc/obterStatusPlataformaMobile 200 5.9ms [be9f35f9]
[90m2026-07-29 01:34:20[0m [32m[1m[INFO ][0m ← POST /rpc/obterStatusPlataformaMobile 200 4.2ms [86a176b7]
[90m2026-07-29 01:34:20[0m [32m[1m[INFO ][0m ← POST /rpc/obterStatusOkf 200 0.1ms [7737932f]
[90m2026-07-29 01:34:20[0m [32m[1m[INFO ][0m ← POST /rpc/obterStatusPlataformaMobile 200 5.3ms [74636edd]
[90m2026-07-29 01:34:23[0m [32m[1m[INFO ][0m ← POST /rpc/obterStatusPlataformaMobile 200 6.4ms [2c137fee]
[90m2026-07-29 01:34:30[0m [32m[1m[INFO ][0m ← POST /rpc/obterStatusPlataformaMobile 200 4.6ms [10046988]
[90m2026-07-29 01:34:33[0m [32m[1m[INFO ][0m ← POST /rpc/obterStatusOkf 200 0.2ms [7707c44b]
[90m2026-07-29 01:34:37[0m [32m[1m[INFO ][0m ← POST /rpc/obterStatusPlataformaMobile 200 3.9ms [02463ca9]
[90m2026-07-29 01:34:44[0m [32m[1m[INFO ][0m ← POST /rpc/obterStatusPlataformaMobile 200 6.0ms [95db2a0a]
[90m2026-07-29 01:34:51[0m [32m[1m[INFO ][0m ← POST /rpc/obterStatusPlataformaMobile 200 5.9ms [2112529a]
[90m2026-07-29 01:34:53[0m [32m[1m[INFO ][0m ← POST /rpc/obterStatusOkf 200 0.2ms [c139a869]
[90m2026-07-29 01:34:58[0m [32m[1m[INFO ][0m ← POST /rpc/obterStatusPlataformaMobile 200 6.0ms [83003e3c]
[90m2026-07-29 01:35:05[0m [32m[1m[INFO ][0m ← POST /rpc/obterStatusPlataformaMobile 200 6.1ms [a622539b]
[90m2026-07-29 01:35:12[0m [32m[1m[INFO ][0m ← POST /rpc/obterStatusPlataformaMobile 200 6.1ms [1d57ad7c]
[90m2026-07-29 01:35:13[0m [32m[1m[INFO ][0m ← POST /rpc/obterStatusOkf 200 0.1ms [e8ecff15]
[90m2026-07-29 01:35:19[0m [32m[1m[INFO ][0m ← POST /rpc/obterStatusPlataformaMobile 200 3.6ms [951d38bb]
[90m2026-07-29 01:35:20[0m [32m[1m[INFO ][0m ← POST /rpc/obterStatusOkf 200 0.1ms [e6263d45]
[90m2026-07-29 01:35:20[0m [32m[1m[INFO ][0m ← POST /rpc/obterStatusOkf 200 0.1ms [04f9b079]
[90m2026-07-29 01:35:20[0m [32m[1m[INFO ][0m ← POST /rpc/obterStatusPlataformaMobile 200 4.4ms [d8f092ba]
[90m2026-07-29 01:35:20[0m [32m[1m[INFO ][0m ← POST /rpc/obterStatusPlataformaMobile 200 5.1ms [e25da7d2]
[90m2026-07-29 01:35:20[0m [32m[1m[INFO ][0m ← POST /rpc/obterStatusOkf 200 0.2ms [3914f2ab]
[90m2026-07-29 01:35:20[0m [32m[1m[INFO ][0m ← POST /rpc/obterStatusPlataformaMobile 200 5.9ms [98cc9f00]
[90m2026-07-29 01:35:20[0m [32m[1m[INFO ][0m ← POST /rpc/obterStatusPlataformaMobile 200 6.3ms [3383711e]
[90m2026-07-29 01:35:20[0m [32m[1m[INFO ][0m ← POST /rpc/obterStatusOkf 200 0.1ms [47a19bbd]
[90m2026-07-29 01:35:20[0m [32m[1m[INFO ][0m ← POST /rpc/obterStatusPlataformaMobile 200 4.4ms [81e1fd8a]
[90m2026-07-29 01:35:20[0m [32m[1m[INFO ][0m ← POST /rpc/obterStatusPlataformaMobile 200 4.4ms [47c2e3e0]
[90m2026-07-29 01:35:20[0m [32m[1m[INFO ][0m ← POST /rpc/obterStatusOkf 200 0.1ms [634c060d]
[90m2026-07-29 01:35:20[0m [32m[1m[INFO ][0m ← POST /rpc/obterStatusOkf 200 0.1ms [c61f8dfa]
[90m2026-07-29 01:35:20[0m [32m[1m[INFO ][0m ← POST /rpc/obterStatusOkf 200 0.1ms [428e7d1b]
[90m2026-07-29 01:35:20[0m [32m[1m[INFO ][0m ← POST /rpc/obterStatusOkf 200 0.1ms [036124e4]
[90m2026-07-29 01:35:20[0m [32m[1m[INFO ][0m ← POST /rpc/obterStatusOkf 200 0.1ms [d056279c]
[90m2026-07-29 01:35:20[0m [32m[1m[INFO ][0m ← POST /rpc/obterStatusPlataformaMobile 200 4.2ms [42700b8f]
[90m2026-07-29 01:35:20[0m [32m[1m[INFO ][0m ← POST /rpc/obterStatusPlataformaMobile 200 4.0ms [c3ecf598]
[90m2026-07-29 01:35:20[0m [32m[1m[INFO ][0m ← POST /rpc/obterStatusPlataformaMobile 200 4.8ms [2fcc7bef]
[90m2026-07-29 01:35:26[0m [32m[1m[INFO ][0m ← POST /rpc/obterStatusPlataformaMobile 200 5.5ms [cafc901b]
[90m2026-07-29 01:35:33[0m [32m[1m[INFO ][0m ← POST /rpc/obterStatusOkf 200 0.2ms [c4bfc441]
[90m2026-07-29 01:35:33[0m [32m[1m[INFO ][0m ← POST /rpc/obterStatusPlataformaMobile 200 5.0ms [8249ae8c]
[90m2026-07-29 01:35:40[0m [32m[1m[INFO ][0m ← POST /rpc/obterStatusPlataformaMobile 200 6.1ms [3609a42c]
[90m2026-07-29 01:35:47[0m [32m[1m[INFO ][0m ← POST /rpc/obterStatusPlataformaMobile 200 3.8ms [fc6dff9b]
[90m2026-07-29 01:35:53[0m [32m[1m[INFO ][0m ← POST /rpc/obterStatusOkf 200 0.2ms [31a23292]
[90m2026-07-29 01:35:54[0m [32m[1m[INFO ][0m ← POST /rpc/obterStatusPlataformaMobile 200 6.2ms [7096d77c]
[90m2026-07-29 01:36:01[0m [32m[1m[INFO ][0m ← POST /rpc/obterStatusPlataformaMobile 200 6.1ms [aeea3344]
[90m2026-07-29 01:36:09[0m [32m[1m[INFO ][0m ← POST /rpc/obterStatusPlataformaMobile 200 4.7ms [2c0a331f]
[90m2026-07-29 01:36:14[0m [32m[1m[INFO ][0m ← POST /rpc/obterStatusOkf 200 0.2ms [11ac42ad]
[90m2026-07-29 01:36:16[0m [32m[1m[INFO ][0m ← POST /rpc/obterStatusPlataformaMobile 200 4.5ms [958a8f07]
[90m2026-07-29 01:36:20[0m [32m[1m[INFO ][0m ← POST /rpc/obterStatusPlataformaMobile 200 4.4ms [c6ab7c82]
[90m2026-07-29 01:36:20[0m [32m[1m[INFO ][0m ← POST /rpc/obterStatusPlataformaMobile 200 6.5ms [598359ba]
[90m2026-07-29 01:36:20[0m [32m[1m[INFO ][0m ← POST /rpc/obterStatusPlataformaMobile 200 6.4ms [de9bfbd0]
[90m2026-07-29 01:36:20[0m [32m[1m[INFO ][0m ← POST /rpc/obterStatusPlataformaMobile 200 6.8ms [ed2301e8]
[90m2026-07-29 01:36:20[0m [32m[1m[INFO ][0m ← POST /rpc/obterStatusPlataformaMobile 200 7.1ms [f73f8d2b]
[90m2026-07-29 01:36:20[0m [32m[1m[INFO ][0m ← POST /rpc/obterStatusPlataformaMobile 200 9.2ms [25ae2f41]
[90m2026-07-29 01:36:20[0m [32m[1m[INFO ][0m ← POST /rpc/obterStatusPlataformaMobile 200 4.0ms [7fe5cef3]
[90m2026-07-29 01:36:20[0m [32m[1m[INFO ][0m ← POST /rpc/obterStatusPlataformaMobile 200 0.3ms [f88ece31]
[90m2026-07-29 01:36:20[0m [32m[1m[INFO ][0m ← POST /rpc/obterStatusOkf 200 0.1ms [3dc71ee5]
[90m2026-07-29 01:36:20[0m [32m[1m[INFO ][0m ← POST /rpc/obterStatusOkf 200 0.1ms [faf096f1]
[90m2026-07-29 01:36:20[0m [32m[1m[INFO ][0m ← POST /rpc/obterStatusOkf 200 0.1ms [030bf673]
[90m2026-07-29 01:36:20[0m [32m[1m[INFO ][0m ← POST /rpc/obterStatusOkf 200 0.1ms [c27de30b]
[90m2026-07-29 01:36:20[0m [32m[1m[INFO ][0m ← POST /rpc/obterStatusOkf 200 0.1ms [31726066]
[90m2026-07-29 01:36:20[0m [32m[1m[INFO ][0m ← POST /rpc/obterStatusPlataformaMobile 200 0.5ms [bad2a720]
[90m2026-07-29 01:36:20[0m [32m[1m[INFO ][0m ← POST /rpc/obterStatusOkf 200 0.1ms [bb17fc54]
[90m2026-07-29 01:36:20[0m [32m[1m[INFO ][0m ← POST /rpc/obterStatusOkf 200 0.1ms [cb833ed3]
[90m2026-07-29 01:36:20[0m [32m[1m[INFO ][0m ← POST /rpc/obterStatusOkf 200 0.1ms [ff3c8f8c]
[90m2026-07-29 01:36:20[0m [32m[1m[INFO ][0m ← POST /rpc/obterStatusOkf 200 0.1ms [2b1b4ed3]
[90m2026-07-29 01:36:22[0m [32m[1m[INFO ][0m ← POST /rpc/obterStatusPlataformaMobile 200 0.4ms [a77be3a3]
[90m2026-07-29 01:36:30[0m [32m[1m[INFO ][0m ← POST /rpc/obterStatusPlataformaMobile 200 4.2ms [d6792553]
[90m2026-07-29 01:36:34[0m [32m[1m[INFO ][0m ← POST /rpc/obterStatusOkf 200 0.2ms [5261f12e]
[90m2026-07-29 01:36:37[0m [32m[1m[INFO ][0m ← POST /rpc/obterStatusPlataformaMobile 200 4.1ms [7d426143]
[90m2026-07-29 01:36:44[0m [32m[1m[INFO ][0m ← POST /rpc/obterStatusPlataformaMobile 200 3.5ms [5a2492c3]
[90m2026-07-29 01:36:51[0m [32m[1m[INFO ][0m ← POST /rpc/obterStatusPlataformaMobile 200 5.4ms [7f55befe]
[90m2026-07-29 01:36:54[0m [32m[1m[INFO ][0m ← POST /rpc/obterStatusOkf 200 0.1ms [3256fd3b]
[90m2026-07-29 01:36:58[0m [32m[1m[INFO ][0m ← POST /rpc/obterStatusPlataformaMobile 200 3.5ms [ea0277f9]
[90m2026-07-29 01:37:05[0m [32m[1m[INFO ][0m ← POST /rpc/obterStatusPlataformaMobile 200 3.4ms [c446d9e3]
[90m2026-07-29 01:37:12[0m [32m[1m[INFO ][0m ← POST /rpc/obterStatusPlataformaMobile 200 0.4ms [f4ffe436]
[90m2026-07-29 01:37:14[0m [32m[1m[INFO ][0m ← POST /rpc/obterStatusOkf 200 0.2ms [79bd8903]
[90m2026-07-29 01:37:19[0m [32m[1m[INFO ][0m ← POST /rpc/obterStatusPlataformaMobile 200 0.5ms [40dbbff1]
[90m2026-07-29 01:37:20[0m [32m[1m[INFO ][0m ← POST /rpc/obterStatusOkf 200 0.1ms [238876d0]
[90m2026-07-29 01:37:20[0m [32m[1m[INFO ][0m ← POST /rpc/obterStatusPlataformaMobile 200 0.5ms [bc30f4c2]
[90m2026-07-29 01:37:20[0m [32m[1m[INFO ][0m ← POST /rpc/obterStatusPlataformaMobile 200 0.5ms [7b7753be]
[90m2026-07-29 01:37:20[0m [32m[1m[INFO ][0m ← POST /rpc/obterStatusPlataformaMobile 200 0.5ms [b2c0904e]
[90m2026-07-29 01:37:20[0m [32m[1m[INFO ][0m ← POST /rpc/obterStatusPlataformaMobile 200 4.9ms [65f0bb90]
[90m2026-07-29 01:37:20[0m [32m[1m[INFO ][0m ← POST /rpc/obterStatusPlataformaMobile 200 4.9ms [733655fe]
[90m2026-07-29 01:37:20[0m [32m[1m[INFO ][0m ← POST /rpc/obterStatusOkf 200 0.1ms [c586e7d7]
[90m2026-07-29 01:37:20[0m [32m[1m[INFO ][0m ← POST /rpc/obterStatusOkf 200 0.1ms [fad1700e]
[90m2026-07-29 01:37:20[0m [32m[1m[INFO ][0m ← POST /rpc/obterStatusOkf 200 0.1ms [bcaafe92]
[90m2026-07-29 01:37:20[0m [32m[1m[INFO ][0m ← POST /rpc/obterStatusPlataformaMobile 200 0.3ms [bcc54371]
[90m2026-07-29 01:37:20[0m [32m[1m[INFO ][0m ← POST /rpc/obterStatusPlataformaMobile 200 0.4ms [07967d6f]
[90m2026-07-29 01:37:20[0m [32m[1m[INFO ][0m ← POST /rpc/obterStatusPlataformaMobile 200 4.2ms [bfc426b4]
[90m2026-07-29 01:37:20[0m [32m[1m[INFO ][0m ← POST /rpc/obterStatusOkf 200 0.1ms [03a20226]
[90m2026-07-29 01:37:20[0m [32m[1m[INFO ][0m ← POST /rpc/obterStatusOkf 200 0.1ms [8018c802]
[90m2026-07-29 01:37:20[0m [32m[1m[INFO ][0m ← POST /rpc/obterStatusOkf 200 0.1ms [79c35ae1]
[90m2026-07-29 01:37:20[0m [32m[1m[INFO ][0m ← POST /rpc/obterStatusOkf 200 0.1ms [e71f9b2e]
[90m2026-07-29 01:37:20[0m [32m[1m[INFO ][0m ← POST /rpc/obterStatusOkf 200 0.1ms [34f75d88]
[90m2026-07-29 01:37:20[0m [32m[1m[INFO ][0m ← POST /rpc/obterStatusPlataformaMobile 200 0.5ms [9f33a2d4]
[90m2026-07-29 01:37:26[0m [32m[1m[INFO ][0m ← POST /rpc/obterStatusPlataformaMobile 200 0.6ms [59260db9]
[90m2026-07-29 01:38:20[0m [32m[1m[INFO ][0m ← POST /rpc/obterStatusPlataformaMobile 200 0.5ms [68b0a5db]
[90m2026-07-29 01:38:20[0m [32m[1m[INFO ][0m ← POST /rpc/obterStatusOkf 200 0.1ms [e0952415]
[90m2026-07-29 01:38:20[0m [32m[1m[INFO ][0m ← POST /rpc/obterStatusPlataformaMobile 200 0.5ms [7a1721af]
[90m2026-07-29 01:38:20[0m [32m[1m[INFO ][0m ← POST /rpc/obterStatusOkf 200 0.2ms [8769f650]
[90m2026-07-29 01:38:20[0m [32m[1m[INFO ][0m ← POST /rpc/obterStatusPlataformaMobile 200 0.7ms [5f21a94f]
[90m2026-07-29 01:38:20[0m [32m[1m[INFO ][0m ← POST /rpc/obterStatusPlataformaMobile 200 5.7ms [bb39f53d]
[90m2026-07-29 01:38:20[0m [32m[1m[INFO ][0m ← POST /rpc/obterStatusPlataformaMobile 200 6.2ms [8475e53c]
[90m2026-07-29 01:38:20[0m [32m[1m[INFO ][0m ← POST /rpc/obterStatusPlataformaMobile 200 5.5ms [814cd35e]
[90m2026-07-29 01:38:20[0m [32m[1m[INFO ][0m ← POST /rpc/obterStatusPlataformaMobile 200 0.4ms [c412ff71]
[90m2026-07-29 01:38:20[0m [32m[1m[INFO ][0m ← POST /rpc/obterStatusPlataformaMobile 200 5.2ms [1f36db8e]
[90m2026-07-29 01:38:20[0m [32m[1m[INFO ][0m ← POST /rpc/obterStatusPlataformaMobile 200 4.3ms [b9ccfad0]
[90m2026-07-29 01:38:20[0m [32m[1m[INFO ][0m ← POST /rpc/obterStatusOkf 200 0.1ms [a4fea1d7]
[90m2026-07-29 01:38:20[0m [32m[1m[INFO ][0m ← POST /rpc/obterStatusOkf 200 0.1ms [74355893]
[90m2026-07-29 01:38:20[0m [32m[1m[INFO ][0m ← POST /rpc/obterStatusOkf 200 0.1ms [7c391ca4]
[90m2026-07-29 01:38:20[0m [32m[1m[INFO ][0m ← POST /rpc/obterStatusOkf 200 0.1ms [9221c0ea]
[90m2026-07-29 01:38:20[0m [32m[1m[INFO ][0m ← POST /rpc/obterStatusOkf 200 0.1ms [5b83e9f4]
[90m2026-07-29 01:38:20[0m [32m[1m[INFO ][0m ← POST /rpc/obterStatusOkf 200 0.1ms [2714b673]
[90m2026-07-29 01:38:20[0m [32m[1m[INFO ][0m ← POST /rpc/obterStatusPlataformaMobile 200 0.5ms [012c2e0e]
[90m2026-07-29 01:38:20[0m [32m[1m[INFO ][0m ← POST /rpc/obterStatusOkf 200 0.1ms [6e57d1dd]
[90m2026-07-29 01:38:20[0m [32m[1m[INFO ][0m ← POST /rpc/obterStatusOkf 200 0.1ms [18f9219e]
[90m2026-07-29 01:39:20[0m [32m[1m[INFO ][0m ← POST /rpc/obterStatusOkf 200 0.1ms [4afe900a]
[90m2026-07-29 01:39:20[0m [32m[1m[INFO ][0m ← POST /rpc/obterStatusPlataformaMobile 200 0.5ms [fb3fb6a4]
[90m2026-07-29 01:39:20[0m [32m[1m[INFO ][0m ← POST /rpc/obterStatusPlataformaMobile 200 0.4ms [a73a8b61]
[90m2026-07-29 01:39:20[0m [32m[1m[INFO ][0m ← POST /rpc/obterStatusPlataformaMobile 200 0.4ms [41a79a55]
[90m2026-07-29 01:39:20[0m [32m[1m[INFO ][0m ← POST /rpc/obterStatusPlataformaMobile 200 0.4ms [0e5fb86d]
[90m2026-07-29 01:39:20[0m [32m[1m[INFO ][0m ← POST /rpc/obterStatusOkf 200 0.1ms [fb4e5683]
[90m2026-07-29 01:39:20[0m [32m[1m[INFO ][0m ← POST /rpc/obterStatusOkf 200 0.1ms [90d02ff8]
[90m2026-07-29 01:39:20[0m [32m[1m[INFO ][0m ← POST /rpc/obterStatusPlataformaMobile 200 5.5ms [8396eab2]
[90m2026-07-29 01:39:20[0m [32m[1m[INFO ][0m ← POST /rpc/obterStatusPlataformaMobile 200 0.4ms [90328b39]
[90m2026-07-29 01:39:20[0m [32m[1m[INFO ][0m ← POST /rpc/obterStatusPlataformaMobile 200 0.4ms [5b96f839]
[90m2026-07-29 01:39:20[0m [32m[1m[INFO ][0m ← POST /rpc/obterStatusPlataformaMobile 200 0.4ms [3be3512b]
[90m2026-07-29 01:39:20[0m [32m[1m[INFO ][0m ← POST /rpc/obterStatusPlataformaMobile 200 4.1ms [6fab0352]
[90m2026-07-29 01:39:20[0m [32m[1m[INFO ][0m ← POST /rpc/obterStatusOkf 200 0.1ms [dd13cc0f]
[90m2026-07-29 01:39:20[0m [32m[1m[INFO ][0m ← POST /rpc/obterStatusOkf 200 0.1ms [7333c710]
[90m2026-07-29 01:39:20[0m [32m[1m[INFO ][0m ← POST /rpc/obterStatusOkf 200 0.1ms [6157dd4e]
[90m2026-07-29 01:39:20[0m [32m[1m[INFO ][0m ← POST /rpc/obterStatusOkf 200 0.1ms [3e87b1fa]
[90m2026-07-29 01:39:20[0m [32m[1m[INFO ][0m ← POST /rpc/obterStatusOkf 200 0.1ms [d219bdcf]
[90m2026-07-29 01:39:20[0m [32m[1m[INFO ][0m ← POST /rpc/obterStatusOkf 200 0.1ms [ea23d48b]
[90m2026-07-29 01:39:20[0m [32m[1m[INFO ][0m ← POST /rpc/obterStatusOkf 200 0.1ms [2f0996e2]
[90m2026-07-29 01:39:20[0m [32m[1m[INFO ][0m ← POST /rpc/obterStatusPlataformaMobile 200 4.1ms [c75b40d9]
[90m2026-07-29 01:40:20[0m [32m[1m[INFO ][0m ← POST /rpc/obterStatusOkf 200 0.1ms [b44768cb]
[90m2026-07-29 01:40:20[0m [32m[1m[INFO ][0m ← POST /rpc/obterStatusPlataformaMobile 200 0.4ms [71552f8e]
[90m2026-07-29 01:40:20[0m [32m[1m[INFO ][0m ← POST /rpc/obterStatusPlataformaMobile 200 0.6ms [ae6fc7d5]
[90m2026-07-29 01:40:20[0m [32m[1m[INFO ][0m ← POST /rpc/obterStatusPlataformaMobile 200 0.6ms [58ef5fb3]
[90m2026-07-29 01:40:20[0m [32m[1m[INFO ][0m ← POST /rpc/obterStatusPlataformaMobile 200 0.4ms [e2e6b733]
[90m2026-07-29 01:40:20[0m [32m[1m[INFO ][0m ← POST /rpc/obterStatusPlataformaMobile 200 0.5ms [207ac258]
[90m2026-07-29 01:40:20[0m [32m[1m[INFO ][0m ← POST /rpc/obterStatusPlataformaMobile 200 0.4ms [6e357b4e]
[90m2026-07-29 01:40:20[0m [32m[1m[INFO ][0m ← POST /rpc/obterStatusPlataformaMobile 200 5.2ms [1eb7956c]
[90m2026-07-29 01:40:20[0m [32m[1m[INFO ][0m ← POST /rpc/obterStatusPlataformaMobile 200 0.5ms [3c3b73b0]
[90m2026-07-29 01:40:20[0m [32m[1m[INFO ][0m ← POST /rpc/obterStatusPlataformaMobile 200 4.5ms [ac091250]
[90m2026-07-29 01:40:20[0m [32m[1m[INFO ][0m ← POST /rpc/obterStatusOkf 200 0.1ms [a56262b1]
[90m2026-07-29 01:40:20[0m [32m[1m[INFO ][0m ← POST /rpc/obterStatusPlataformaMobile 200 4.2ms [12d47dfc]
[90m2026-07-29 01:40:20[0m [32m[1m[INFO ][0m ← POST /rpc/obterStatusOkf 200 0.1ms [cc9580fc]
[90m2026-07-29 01:40:20[0m [32m[1m[INFO ][0m ← POST /rpc/obterStatusOkf 200 0.1ms [c4b765f1]
[90m2026-07-29 01:40:20[0m [32m[1m[INFO ][0m ← POST /rpc/obterStatusOkf 200 0.1ms [c24de978]
[90m2026-07-29 01:40:20[0m [32m[1m[INFO ][0m ← POST /rpc/obterStatusOkf 200 0.1ms [f11f9830]
[90m2026-07-29 01:40:20[0m [32m[1m[INFO ][0m ← POST /rpc/obterStatusOkf 200 0.1ms [d6f31126]
[90m2026-07-29 01:40:20[0m [32m[1m[INFO ][0m ← POST /rpc/obterStatusOkf 200 0.1ms [bf03e926]
[90m2026-07-29 01:40:20[0m [32m[1m[INFO ][0m ← POST /rpc/obterStatusOkf 200 0.1ms [949ea2e1]
[90m2026-07-29 01:40:20[0m [32m[1m[INFO ][0m ← POST /rpc/obterStatusOkf 200 0.1ms [faa6a421]
Traceback (most recent call last)
app.nim(217)             app
core.nim(46)             runDesktopAppInternal
SIGINT: Interrupted by Ctrl-C.

Estação encerrada pelo usuário.
