=== MacroObras — estação Jazzy estabilizada ===
Projeto: /home/icarogdo/dev/macroobras-jazzy/app/macroobras
Endereço: http://127.0.0.1:7654/?surface=admin
Relatório: /home/icarogdo/dev/macroobras-jazzy/app/macroobras/.macroobras/runtime/jazzy-stability-20260729-001220.log

==> 1/5 Encerrando processos conflitantes
==> 2/5 Validando os módulos JavaScript
JavaScript válido: 61 arquivo(s)
==> 3/5 Gerando o frontend
Configuração de runtime gerada sem exibir a chave.
Fonte: /home/icarogdo/.config/macroobras/google-maps.env
Saída: /home/icarogdo/dev/macroobras-jazzy/app/macroobras/frontend/dist/runtime-config.local.js
Frontend built at frontend/dist
==> 4/5 Compilando servidor Linux em release
Hint: used config file '/etc/nim/nim.cfg' [Conf]
Hint: used config file '/etc/nim/config.nims' [Conf]
...................................................................................................................................................................................................................................................................................................................................
/home/icarogdo/dev/macroobras-jazzy/app/macroobras/src/macroobras/collaborator_service.nim(293, 6) Hint: 'lanAppUrl' is declared but not used [XDeclaredButNotUsed]
/home/icarogdo/dev/macroobras-jazzy/app/macroobras/src/macroobras/collaborator_service.nim(299, 6) Hint: 'lanApiUrl' is declared but not used [XDeclaredButNotUsed]
....
/home/icarogdo/.nimble/pkgs2/jazzy_desktop-0.1.1-58762c3a589cb3c34652eaa3bacdcb691eda8c49/jazzy_desktop/macros.nim(55, 12) Hint: 'args' is declared but not used [XDeclaredButNotUsed]
/home/icarogdo/.nimble/pkgs2/jazzy_desktop-0.1.1-58762c3a589cb3c34652eaa3bacdcb691eda8c49/jazzy_desktop/macros.nim(55, 12) Hint: 'args' is declared but not used [XDeclaredButNotUsed]
/home/icarogdo/.nimble/pkgs2/jazzy_desktop-0.1.1-58762c3a589cb3c34652eaa3bacdcb691eda8c49/jazzy_desktop/macros.nim(55, 12) Hint: 'args' is declared but not used [XDeclaredButNotUsed]
/home/icarogdo/.nimble/pkgs2/jazzy_desktop-0.1.1-58762c3a589cb3c34652eaa3bacdcb691eda8c49/jazzy_desktop/macros.nim(55, 12) Hint: 'args' is declared but not used [XDeclaredButNotUsed]
/home/icarogdo/.nimble/pkgs2/jazzy_desktop-0.1.1-58762c3a589cb3c34652eaa3bacdcb691eda8c49/jazzy_desktop/macros.nim(55, 12) Hint: 'args' is declared but not used [XDeclaredButNotUsed]
/home/icarogdo/.nimble/pkgs2/jazzy_desktop-0.1.1-58762c3a589cb3c34652eaa3bacdcb691eda8c49/jazzy_desktop/macros.nim(55, 12) Hint: 'args' is declared but not used [XDeclaredButNotUsed]
/home/icarogdo/.nimble/pkgs2/jazzy_desktop-0.1.1-58762c3a589cb3c34652eaa3bacdcb691eda8c49/jazzy_desktop/macros.nim(55, 12) Hint: 'args' is declared but not used [XDeclaredButNotUsed]
/home/icarogdo/.nimble/pkgs2/jazzy_desktop-0.1.1-58762c3a589cb3c34652eaa3bacdcb691eda8c49/jazzy_desktop/macros.nim(55, 12) Hint: 'args' is declared but not used [XDeclaredButNotUsed]
/home/icarogdo/.nimble/pkgs2/jazzy_desktop-0.1.1-58762c3a589cb3c34652eaa3bacdcb691eda8c49/jazzy_desktop/macros.nim(55, 12) Hint: 'args' is declared but not used [XDeclaredButNotUsed]
/home/icarogdo/.nimble/pkgs2/jazzy_desktop-0.1.1-58762c3a589cb3c34652eaa3bacdcb691eda8c49/jazzy_desktop/macros.nim(55, 12) Hint: 'args' is declared but not used [XDeclaredButNotUsed]
/home/icarogdo/.nimble/pkgs2/jazzy_desktop-0.1.1-58762c3a589cb3c34652eaa3bacdcb691eda8c49/jazzy_desktop/macros.nim(55, 12) Hint: 'args' is declared but not used [XDeclaredButNotUsed]
/home/icarogdo/.nimble/pkgs2/jazzy_desktop-0.1.1-58762c3a589cb3c34652eaa3bacdcb691eda8c49/jazzy_desktop/macros.nim(55, 12) Hint: 'args' is declared but not used [XDeclaredButNotUsed]
/home/icarogdo/.nimble/pkgs2/jazzy_desktop-0.1.1-58762c3a589cb3c34652eaa3bacdcb691eda8c49/jazzy_desktop/macros.nim(55, 12) Hint: 'args' is declared but not used [XDeclaredButNotUsed]
/home/icarogdo/.nimble/pkgs2/jazzy_desktop-0.1.1-58762c3a589cb3c34652eaa3bacdcb691eda8c49/jazzy_desktop/macros.nim(55, 12) Hint: 'args' is declared but not used [XDeclaredButNotUsed]
/home/icarogdo/.nimble/pkgs2/jazzy_desktop-0.1.1-58762c3a589cb3c34652eaa3bacdcb691eda8c49/jazzy_desktop/macros.nim(55, 12) Hint: 'args' is declared but not used [XDeclaredButNotUsed]
/home/icarogdo/.nimble/pkgs2/jazzy_desktop-0.1.1-58762c3a589cb3c34652eaa3bacdcb691eda8c49/jazzy_desktop/macros.nim(55, 12) Hint: 'args' is declared but not used [XDeclaredButNotUsed]
/home/icarogdo/.nimble/pkgs2/jazzy_desktop-0.1.1-58762c3a589cb3c34652eaa3bacdcb691eda8c49/jazzy_desktop/macros.nim(55, 12) Hint: 'args' is declared but not used [XDeclaredButNotUsed]
/home/icarogdo/.nimble/pkgs2/jazzy_desktop-0.1.1-58762c3a589cb3c34652eaa3bacdcb691eda8c49/jazzy_desktop/macros.nim(55, 12) Hint: 'args' is declared but not used [XDeclaredButNotUsed]
/home/icarogdo/.nimble/pkgs2/jazzy_desktop-0.1.1-58762c3a589cb3c34652eaa3bacdcb691eda8c49/jazzy_desktop/macros.nim(55, 12) Hint: 'args' is declared but not used [XDeclaredButNotUsed]
/home/icarogdo/.nimble/pkgs2/jazzy_desktop-0.1.1-58762c3a589cb3c34652eaa3bacdcb691eda8c49/jazzy_desktop/macros.nim(55, 12) Hint: 'args' is declared but not used [XDeclaredButNotUsed]
/home/icarogdo/.nimble/pkgs2/jazzy_desktop-0.1.1-58762c3a589cb3c34652eaa3bacdcb691eda8c49/jazzy_desktop/macros.nim(55, 12) Hint: 'args' is declared but not used [XDeclaredButNotUsed]
/home/icarogdo/.nimble/pkgs2/jazzy_desktop-0.1.1-58762c3a589cb3c34652eaa3bacdcb691eda8c49/jazzy_desktop/macros.nim(55, 12) Hint: 'args' is declared but not used [XDeclaredButNotUsed]
/home/icarogdo/.nimble/pkgs2/jazzy_desktop-0.1.1-58762c3a589cb3c34652eaa3bacdcb691eda8c49/jazzy_desktop/macros.nim(55, 12) Hint: 'args' is declared but not used [XDeclaredButNotUsed]
/home/icarogdo/.nimble/pkgs2/jazzy_desktop-0.1.1-58762c3a589cb3c34652eaa3bacdcb691eda8c49/jazzy_desktop/macros.nim(55, 12) Hint: 'args' is declared but not used [XDeclaredButNotUsed]
Hint:  [Link]
Hint: mm: orc; threads: on; opt: speed; options: -d:release
110484 lines; 2.723s; 334.344MiB peakmem; proj: /home/icarogdo/dev/macroobras-jazzy/app/macroobras/src/app.nim; out: /home/icarogdo/dev/macroobras-jazzy/app/macroobras/src/app-release [SuccessX]
==> 5/5 Iniciando com supervisão de falha

--- Execução 1/3 ---
[90m2026-07-29 00:12:25[0m [32m[1m[INFO ][0m 🎷 Jazzy running in release mode on http://127.0.0.1:7654
Abrindo em uma sessão de navegador existente.
[90m2026-07-29 00:12:26[0m [32m[1m[INFO ][0m ← POST /rpc/obterStatusBootstrap 200 4.3ms [78a2879d]
[90m2026-07-29 00:12:28[0m [32m[1m[INFO ][0m ← POST /rpc/autenticarAdministradorContato 200 0.1ms [dee04d24]
[90m2026-07-29 00:12:28[0m [32m[1m[INFO ][0m ← POST /rpc/obterStatusBootstrap 200 4.1ms [b8940f48]
[90m2026-07-29 00:12:29[0m [32m[1m[INFO ][0m ← POST /rpc/autenticarAdministradorContato 200 0.1ms [28f81f45]
[90m2026-07-29 00:12:34[0m [32m[1m[INFO ][0m ← POST /rpc/obterStatusPlataformaMobile 200 4.9ms [98fff7cc]
[90m2026-07-29 00:12:39[0m [32m[1m[INFO ][0m ← POST /rpc/obterStatusPlataformaMobile 200 3.8ms [550db4e6]
[90m2026-07-29 00:12:41[0m [32m[1m[INFO ][0m ← POST /rpc/obterStatusPlataformaMobile 200 3.5ms [663ea2b2]
[90m2026-07-29 00:12:42[0m [32m[1m[INFO ][0m ← POST /rpc/obterStatusPlataformaMobile 200 3.4ms [7009bb15]
[90m2026-07-29 00:12:47[0m [32m[1m[INFO ][0m ← POST /rpc/obterStatusOkf 200 0.2ms [2fd3af39]
[90m2026-07-29 00:12:48[0m [32m[1m[INFO ][0m ← POST /rpc/obterStatusPlataformaMobile 200 3.8ms [149d8991]
[90m2026-07-29 00:12:48[0m [32m[1m[INFO ][0m ← POST /rpc/obterStatusOkf 200 0.2ms [9149042b]
[90m2026-07-29 00:12:49[0m [32m[1m[INFO ][0m ← POST /rpc/obterStatusPlataformaMobile 200 5.9ms [8a3ccdb0]
[90m2026-07-29 00:12:55[0m [32m[1m[INFO ][0m ← POST /rpc/obterStatusPlataformaMobile 200 3.7ms [3f0b8347]
[90m2026-07-29 00:12:58[0m [32m[1m[INFO ][0m ← POST /rpc/obterStatusPlataformaMobile 200 4.1ms [8cd8a807]
[90m2026-07-29 00:13:02[0m [32m[1m[INFO ][0m ← POST /rpc/obterStatusPlataformaMobile 200 3.2ms [2ba7369d]
[90m2026-07-29 00:13:04[0m [32m[1m[INFO ][0m ← POST /rpc/obterStatusPlataformaMobile 200 3.7ms [1c7c2c80]
[90m2026-07-29 00:13:07[0m [32m[1m[INFO ][0m ← POST /rpc/obterStatusOkf 200 0.2ms [1dc09943]
[90m2026-07-29 00:13:09[0m [32m[1m[INFO ][0m ← POST /rpc/obterStatusOkf 200 0.2ms [3724e9e2]
[90m2026-07-29 00:13:09[0m [32m[1m[INFO ][0m ← POST /rpc/obterStatusPlataformaMobile 200 3.9ms [44916b8f]
[90m2026-07-29 00:13:11[0m [32m[1m[INFO ][0m ← POST /rpc/obterStatusPlataformaMobile 200 3.8ms [b80ab3ef]
[90m2026-07-29 00:13:16[0m [32m[1m[INFO ][0m ← POST /rpc/obterStatusPlataformaMobile 200 4.3ms [70b3ba08]
[90m2026-07-29 00:13:18[0m [32m[1m[INFO ][0m ← POST /rpc/obterStatusPlataformaMobile 200 6.0ms [e69d2e8c]
[90m2026-07-29 00:13:20[0m [32m[1m[INFO ][0m ← POST /rpc/obterStatusOkf 200 0.1ms [aae141ce]
[90m2026-07-29 00:13:20[0m [32m[1m[INFO ][0m ← POST /rpc/obterStatusOkf 200 0.1ms [7b231788]
[90m2026-07-29 00:13:20[0m [32m[1m[INFO ][0m ← POST /rpc/obterStatusOkf 200 0.1ms [bb2cdd2f]
[90m2026-07-29 00:13:20[0m [32m[1m[INFO ][0m ← POST /rpc/obterStatusOkf 200 0.2ms [04ec4d62]
[90m2026-07-29 00:13:20[0m [32m[1m[INFO ][0m ← POST /rpc/obterStatusPlataformaMobile 200 5.6ms [907eb185]
[90m2026-07-29 00:13:20[0m [32m[1m[INFO ][0m ← POST /rpc/obterStatusPlataformaMobile 200 5.2ms [768789d1]
[90m2026-07-29 00:13:20[0m [32m[1m[INFO ][0m ← POST /rpc/obterStatusPlataformaMobile 200 5.3ms [82abbf4b]
[90m2026-07-29 00:13:20[0m [32m[1m[INFO ][0m ← POST /rpc/obterStatusPlataformaMobile 200 5.7ms [8b6780fb]
[90m2026-07-29 00:13:23[0m [32m[1m[INFO ][0m ← POST /rpc/obterStatusPlataformaMobile 200 3.5ms [733e6d3e]
[90m2026-07-29 00:13:25[0m [32m[1m[INFO ][0m ← POST /rpc/obterStatusPlataformaMobile 200 3.7ms [d1974cd0]
[90m2026-07-29 00:13:27[0m [32m[1m[INFO ][0m ← POST /rpc/obterStatusOkf 200 0.1ms [417e0e35]
[90m2026-07-29 00:13:29[0m [32m[1m[INFO ][0m ← POST /rpc/obterStatusOkf 200 0.1ms [357617d2]
[90m2026-07-29 00:13:32[0m [32m[1m[INFO ][0m ← POST /rpc/obterStatusPlataformaMobile 200 3.7ms [e50a3d5c]
[90m2026-07-29 00:13:39[0m [32m[1m[INFO ][0m ← POST /rpc/obterStatusPlataformaMobile 200 3.6ms [5c8b800f]
[90m2026-07-29 00:13:46[0m [32m[1m[INFO ][0m ← POST /rpc/obterStatusPlataformaMobile 200 3.4ms [8c9de105]
[90m2026-07-29 00:13:47[0m [32m[1m[INFO ][0m ← POST /rpc/obterStatusOkf 200 0.2ms [1a8ceb29]
[90m2026-07-29 00:13:49[0m [32m[1m[INFO ][0m ← POST /rpc/obterStatusOkf 200 0.1ms [cbd7e1a2]
[90m2026-07-29 00:13:53[0m [32m[1m[INFO ][0m ← POST /rpc/obterStatusPlataformaMobile 200 5.7ms [0f991192]
[90m2026-07-29 00:14:07[0m [32m[1m[INFO ][0m ← POST /rpc/obterStatusOkf 200 0.1ms [3b5ac56e]
[90m2026-07-29 00:14:09[0m [32m[1m[INFO ][0m ← POST /rpc/obterStatusOkf 200 0.2ms [403b5e28]
[90m2026-07-29 00:14:20[0m [32m[1m[INFO ][0m ← POST /rpc/obterStatusOkf 200 0.1ms [5f8ab9d9]
[90m2026-07-29 00:14:20[0m [32m[1m[INFO ][0m ← POST /rpc/obterStatusPlataformaMobile 200 6.5ms [0483a386]
[90m2026-07-29 00:14:20[0m [32m[1m[INFO ][0m ← POST /rpc/obterStatusPlataformaMobile 200 6.2ms [c096e2a9]
[90m2026-07-29 00:14:20[0m [32m[1m[INFO ][0m ← POST /rpc/obterStatusPlataformaMobile 200 7.3ms [7b73aaed]
[90m2026-07-29 00:14:20[0m [32m[1m[INFO ][0m ← POST /rpc/obterStatusPlataformaMobile 200 7.4ms [fa7f60ce]
[90m2026-07-29 00:14:20[0m [32m[1m[INFO ][0m ← POST /rpc/obterStatusPlataformaMobile 200 6.2ms [e469def6]
[90m2026-07-29 00:14:20[0m [32m[1m[INFO ][0m ← POST /rpc/obterStatusPlataformaMobile 200 8.4ms [0cda1749]
[90m2026-07-29 00:14:20[0m [32m[1m[INFO ][0m ← POST /rpc/obterStatusOkf 200 0.1ms [ca81a450]
[90m2026-07-29 00:14:20[0m [32m[1m[INFO ][0m ← POST /rpc/obterStatusOkf 200 0.1ms [72924083]
[90m2026-07-29 00:14:20[0m [32m[1m[INFO ][0m ← POST /rpc/obterStatusOkf 200 0.1ms [9a9804fa]
[90m2026-07-29 00:14:27[0m [32m[1m[INFO ][0m ← POST /rpc/obterStatusOkf 200 0.1ms [8c50d3d4]
[90m2026-07-29 00:14:29[0m [32m[1m[INFO ][0m ← POST /rpc/obterStatusOkf 200 0.2ms [3f84218f]
[90m2026-07-29 00:15:07[0m [32m[1m[INFO ][0m ← POST /rpc/obterStatusOkf 200 0.2ms [de6002d4]
[90m2026-07-29 00:15:07[0m [32m[1m[INFO ][0m ← POST /rpc/obterStatusPlataformaMobile 200 4.2ms [7b67e05f]
[90m2026-07-29 00:15:09[0m [32m[1m[INFO ][0m ← POST /rpc/obterStatusOkf 200 0.1ms [01f14ef5]
[90m2026-07-29 00:15:09[0m [32m[1m[INFO ][0m ← POST /rpc/obterStatusPlataformaMobile 200 5.5ms [4acf9eb3]
[90m2026-07-29 00:15:12[0m [32m[1m[INFO ][0m ← POST /rpc/obterStatusOkf 200 0.2ms [8986a790]
[90m2026-07-29 00:15:12[0m [32m[1m[INFO ][0m ← POST /rpc/obterStatusPlataformaMobile 200 4.2ms [09fccc40]
[90m2026-07-29 00:15:16[0m [32m[1m[INFO ][0m ← POST /rpc/obterStatusPlataformaMobile 200 3.6ms [d95543ee]
[90m2026-07-29 00:15:19[0m [32m[1m[INFO ][0m ← POST /rpc/obterStatusPlataformaMobile 200 3.5ms [48cf0645]
[90m2026-07-29 00:15:20[0m [32m[1m[INFO ][0m ← POST /rpc/obterStatusOkf 200 0.1ms [da72833d]
[90m2026-07-29 00:15:20[0m [32m[1m[INFO ][0m ← POST /rpc/obterStatusOkf 200 0.1ms [48095980]
[90m2026-07-29 00:15:20[0m [32m[1m[INFO ][0m ← POST /rpc/obterStatusOkf 200 0.1ms [844ef0eb]
[90m2026-07-29 00:15:20[0m [32m[1m[INFO ][0m ← POST /rpc/obterStatusPlataformaMobile 200 4.1ms [77b6be54]
[90m2026-07-29 00:15:20[0m [32m[1m[INFO ][0m ← POST /rpc/obterStatusPlataformaMobile 200 4.8ms [d5f7a586]
[90m2026-07-29 00:15:20[0m [32m[1m[INFO ][0m ← POST /rpc/obterStatusOkf 200 0.1ms [b1376990]
[90m2026-07-29 00:15:20[0m [32m[1m[INFO ][0m ← POST /rpc/obterStatusPlataformaMobile 200 4.6ms [26aec1f6]
[90m2026-07-29 00:15:20[0m [32m[1m[INFO ][0m ← POST /rpc/obterStatusPlataformaMobile 200 5.9ms [29becf05]
[90m2026-07-29 00:15:20[0m [32m[1m[INFO ][0m ← POST /rpc/obterStatusPlataformaMobile 200 6.2ms [83b26aeb]
[90m2026-07-29 00:15:20[0m [32m[1m[INFO ][0m ← POST /rpc/obterStatusOkf 200 0.1ms [d2a326c7]
[90m2026-07-29 00:15:20[0m [32m[1m[INFO ][0m ← POST /rpc/obterStatusOkf 200 0.1ms [02e96da3]
[90m2026-07-29 00:15:20[0m [32m[1m[INFO ][0m ← POST /rpc/obterStatusPlataformaMobile 200 5.3ms [192accae]
[90m2026-07-29 00:15:23[0m [32m[1m[INFO ][0m ← POST /rpc/obterStatusPlataformaMobile 200 5.8ms [cfc0e08d]
[90m2026-07-29 00:15:24[0m [32m[1m[INFO ][0m ← POST /rpc/obterStatusOkf 200 0.1ms [edc77f57]
[90m2026-07-29 00:15:26[0m [32m[1m[INFO ][0m ← POST /rpc/obterStatusPlataformaMobile 200 4.3ms [4d107277]
[90m2026-07-29 00:15:30[0m [32m[1m[INFO ][0m ← POST /rpc/obterStatusPlataformaMobile 200 3.8ms [5fc9d7ea]
[90m2026-07-29 00:15:32[0m [32m[1m[INFO ][0m ← POST /rpc/obterStatusOkf 200 0.2ms [39497466]
[90m2026-07-29 00:15:33[0m [32m[1m[INFO ][0m ← POST /rpc/obterStatusPlataformaMobile 200 3.8ms [979276c2]
[90m2026-07-29 00:15:37[0m [32m[1m[INFO ][0m ← POST /rpc/obterStatusPlataformaMobile 200 6.2ms [cc5510ce]
[90m2026-07-29 00:15:40[0m [32m[1m[INFO ][0m ← POST /rpc/obterStatusPlataformaMobile 200 3.5ms [22cf5cb1]
[90m2026-07-29 00:15:44[0m [32m[1m[INFO ][0m ← POST /rpc/obterStatusOkf 200 0.1ms [1bdfe916]
[90m2026-07-29 00:15:44[0m [32m[1m[INFO ][0m ← POST /rpc/obterStatusPlataformaMobile 200 4.1ms [a700e9b0]
[90m2026-07-29 00:15:47[0m [32m[1m[INFO ][0m ← POST /rpc/obterStatusPlataformaMobile 200 4.2ms [8ec46bc7]
[90m2026-07-29 00:15:51[0m [32m[1m[INFO ][0m ← POST /rpc/obterStatusPlataformaMobile 200 6.0ms [906e6969]
[90m2026-07-29 00:15:52[0m [32m[1m[INFO ][0m ← POST /rpc/obterStatusOkf 200 0.2ms [340249a3]
[90m2026-07-29 00:15:54[0m [32m[1m[INFO ][0m ← POST /rpc/obterStatusPlataformaMobile 200 3.8ms [6414a731]
[90m2026-07-29 00:15:58[0m [32m[1m[INFO ][0m ← POST /rpc/obterStatusPlataformaMobile 200 6.0ms [aa7fe3d9]
[90m2026-07-29 00:16:01[0m [32m[1m[INFO ][0m ← POST /rpc/obterStatusPlataformaMobile 200 3.8ms [16e4330b]
[90m2026-07-29 00:16:04[0m [32m[1m[INFO ][0m ← POST /rpc/obterStatusOkf 200 0.2ms [e0577ad7]
[90m2026-07-29 00:16:05[0m [32m[1m[INFO ][0m ← POST /rpc/obterStatusPlataformaMobile 200 3.9ms [afe4da2d]
[90m2026-07-29 00:16:08[0m [32m[1m[INFO ][0m ← POST /rpc/obterStatusPlataformaMobile 200 4.7ms [a4101c74]
[90m2026-07-29 00:16:12[0m [32m[1m[INFO ][0m ← POST /rpc/obterStatusPlataformaMobile 200 3.9ms [36533f8a]
[90m2026-07-29 00:16:20[0m [32m[1m[INFO ][0m ← POST /rpc/obterStatusOkf 200 0.2ms [8b77290a]
[90m2026-07-29 00:16:20[0m [32m[1m[INFO ][0m ← POST /rpc/obterStatusOkf 200 0.1ms [127a6cb2]
[90m2026-07-29 00:16:20[0m [32m[1m[INFO ][0m ← POST /rpc/obterStatusPlataformaMobile 200 4.2ms [165bc013]
[90m2026-07-29 00:16:20[0m [32m[1m[INFO ][0m ← POST /rpc/obterStatusPlataformaMobile 200 4.2ms [5f6e817e]
[90m2026-07-29 00:16:20[0m [32m[1m[INFO ][0m ← POST /rpc/obterStatusPlataformaMobile 200 3.8ms [fface7bf]
[90m2026-07-29 00:16:20[0m [32m[1m[INFO ][0m ← POST /rpc/obterStatusPlataformaMobile 200 4.5ms [399d3d5e]
Traceback (most recent call last)
server.nim(21)           runJazzyServer
app.nim(88)              serve
mummy_driver.nim(132)    serve (Async)
mummy.nim(1466)          serve
mummy.nim(1370)          loopForever
mummy.nim(1089)          afterRecv
mummy.nim(915)           afterRecvHttp
alloc.nim(1217)          realloc
alloc.nim(1195)          alloc
alloc.nim(942)           rawAlloc
SIGSEGV: Illegal storage access. (Attempt to read from nil?)
Traceback (most recent call last)
mummy.nim(538)           workerProc
mummy.nim(471)           runTask
mummy_driver.nim(92)     mummyHandler
app.nim(53)              :anonymous
app.nim(56)              anonymous (Async)
app.nim(31)              :anonymous
app.nim(32)              anonymous (Async)
SIGSEGV: Illegal storage access. (Attempt to read from nil?)
Traceback (most recent call last)
mummy.nim(538)           workerProc
mummy.nim(471)           runTask
mummy_driver.nim(92)     mummyHandler
app.nim(53)              :anonymous
app.nim(56)              anonymous (Async)
app.nim(31)              :anonymous
app.nim(32)              anonymous (Async)
SIGSEGV: Illegal storage access. (Attempt to read from nil?)
./reiniciar_macroobras_jazzy_estavel_sem_ngrok.sh, linha 199: 48190 Falha de segmentação     (imagem do núcleo gravada) env APP_ENV=release MACROOBRAS_HOST="$HOST" MACROOBRAS_PORT="$PORT" MACROOBRAS_ENABLE_NGROK=0 MACROOBRAS_ENABLE_FTP=0 MACROOBRAS_ENABLE_LAN_PROXY=0 "$BIN"

Servidor encerrou com código 139.
Falha nativa detectada; reiniciando em 2s...

--- Execução 2/3 ---
[90m2026-07-29 00:16:22[0m [32m[1m[INFO ][0m 🎷 Jazzy running in release mode on http://127.0.0.1:7654
[90m2026-07-29 00:16:23[0m [32m[1m[INFO ][0m ← POST /rpc/obterStatusOkf 200 0.2ms [7c470634]
[90m2026-07-29 00:16:23[0m [32m[1m[INFO ][0m ← POST /rpc/obterStatusOkf 200 0.1ms [897db27e]
[90m2026-07-29 00:16:23[0m [32m[1m[INFO ][0m ← POST /rpc/obterStatusOkf 200 0.2ms [6459421c]
[90m2026-07-29 00:16:23[0m [32m[1m[INFO ][0m ← POST /rpc/obterStatusOkf 200 0.1ms [33df303d]
[90m2026-07-29 00:16:23[0m [32m[1m[INFO ][0m ← POST /rpc/obterStatusOkf 200 0.1ms [dfcbc7bb]
[90m2026-07-29 00:16:23[0m [32m[1m[INFO ][0m ← POST /rpc/obterStatusPlataformaMobile 200 7.5ms [22107820]
[90m2026-07-29 00:16:23[0m [32m[1m[INFO ][0m ← POST /rpc/obterStatusPlataformaMobile 200 5.9ms [dd721798]
[90m2026-07-29 00:16:23[0m [32m[1m[INFO ][0m ← POST /rpc/obterStatusPlataformaMobile 200 6.1ms [867563cb]
[90m2026-07-29 00:16:23[0m [32m[1m[INFO ][0m ← POST /rpc/obterStatusPlataformaMobile 200 6.1ms [f5216d91]
Abrindo em uma sessão de navegador existente.
[90m2026-07-29 00:16:23[0m [32m[1m[INFO ][0m ← POST /rpc/obterStatusBootstrap 200 4.5ms [7cc9a8b9]
[90m2026-07-29 00:16:24[0m [32m[1m[INFO ][0m ← POST /rpc/obterStatusOkf 200 0.2ms [c9fbfefd]
[90m2026-07-29 00:16:44[0m [32m[1m[INFO ][0m ← POST /rpc/obterStatusOkf 200 0.2ms [d71353f1]
[90m2026-07-29 00:17:20[0m [32m[1m[INFO ][0m ← POST /rpc/obterStatusPlataformaMobile 200 4.0ms [d3ac0c08]
[90m2026-07-29 00:17:20[0m [32m[1m[INFO ][0m ← POST /rpc/obterStatusPlataformaMobile 200 3.9ms [1cef2ae6]
[90m2026-07-29 00:17:20[0m [32m[1m[INFO ][0m ← POST /rpc/obterStatusPlataformaMobile 200 4.0ms [f884b890]
[90m2026-07-29 00:17:20[0m [32m[1m[INFO ][0m ← POST /rpc/obterStatusPlataformaMobile 200 4.2ms [e49c20d4]
[90m2026-07-29 00:17:20[0m [32m[1m[INFO ][0m ← POST /rpc/obterStatusPlataformaMobile 200 5.2ms [06465dad]
[90m2026-07-29 00:17:20[0m [32m[1m[INFO ][0m ← POST /rpc/obterStatusPlataformaMobile 200 5.8ms [f9b4fbbe]
[90m2026-07-29 00:17:20[0m [32m[1m[INFO ][0m ← POST /rpc/obterStatusOkf 200 0.1ms [1dda1b54]
[90m2026-07-29 00:17:20[0m [32m[1m[INFO ][0m ← POST /rpc/obterStatusOkf 200 0.2ms [2e720bf1]
[90m2026-07-29 00:17:20[0m [32m[1m[INFO ][0m ← POST /rpc/obterStatusOkf 200 0.1ms [88b2b262]
[90m2026-07-29 00:17:20[0m [32m[1m[INFO ][0m ← POST /rpc/obterStatusOkf 200 0.1ms [86456815]
[90m2026-07-29 00:17:20[0m [32m[1m[INFO ][0m ← POST /rpc/obterStatusOkf 200 0.2ms [3d21c37e]
[90m2026-07-29 00:17:20[0m [32m[1m[INFO ][0m ← POST /rpc/obterStatusOkf 200 0.1ms [b0db127d]
[90m2026-07-29 00:17:20[0m [32m[1m[INFO ][0m ← POST /rpc/obterStatusOkf 200 0.1ms [353d4588]
[90m2026-07-29 00:17:20[0m [32m[1m[INFO ][0m ← POST /rpc/obterStatusOkf 200 0.1ms [c86ccef2]
[90m2026-07-29 00:17:20[0m [32m[1m[INFO ][0m ← POST /rpc/obterStatusPlataformaMobile 200 5.3ms [7fc26900]
[90m2026-07-29 00:17:20[0m [32m[1m[INFO ][0m ← POST /rpc/obterStatusPlataformaMobile 200 5.1ms [4999d299]
Traceback (most recent call last)
mummy.nim(538)           workerProc
mummy.nim(471)           runTask
mummy_driver.nim(92)     mummyHandler
app.nim(53)              :anonymous
app.nim(56)              anonymous (Async)
app.nim(31)              :anonymous
app.nim(32)              anonymous (Async)
SIGSEGV: Illegal storage access. (Attempt to read from nil?)
./reiniciar_macroobras_jazzy_estavel_sem_ngrok.sh, linha 199: 52227 Falha de segmentação     (imagem do núcleo gravada) env APP_ENV=release MACROOBRAS_HOST="$HOST" MACROOBRAS_PORT="$PORT" MACROOBRAS_ENABLE_NGROK=0 MACROOBRAS_ENABLE_FTP=0 MACROOBRAS_ENABLE_LAN_PROXY=0 "$BIN"

Servidor encerrou com código 139.
Falha nativa detectada; reiniciando em 2s...

--- Execução 3/3 ---
[90m2026-07-29 00:18:22[0m [32m[1m[INFO ][0m 🎷 Jazzy running in release mode on http://127.0.0.1:7654
[90m2026-07-29 00:18:23[0m [32m[1m[INFO ][0m ← POST /rpc/obterStatusOkf 200 0.1ms [3de36a81]
[90m2026-07-29 00:18:23[0m [32m[1m[INFO ][0m ← POST /rpc/obterStatusOkf 200 0.2ms [2cc66a5f]
[90m2026-07-29 00:18:23[0m [32m[1m[INFO ][0m ← POST /rpc/obterStatusOkf 200 0.1ms [88d46c59]
[90m2026-07-29 00:18:23[0m [32m[1m[INFO ][0m ← POST /rpc/obterStatusOkf 200 0.1ms [cc507fcf]
[90m2026-07-29 00:18:23[0m [32m[1m[INFO ][0m ← POST /rpc/obterStatusOkf 200 0.1ms [0469d2f6]
[90m2026-07-29 00:18:23[0m [32m[1m[INFO ][0m ← POST /rpc/obterStatusPlataformaMobile 200 5.8ms [4394229e]
[90m2026-07-29 00:18:23[0m [32m[1m[INFO ][0m ← POST /rpc/obterStatusPlataformaMobile 200 5.9ms [80d1391a]
[90m2026-07-29 00:18:23[0m [32m[1m[INFO ][0m ← POST /rpc/obterStatusPlataformaMobile 200 6.0ms [e05e899a]
[90m2026-07-29 00:18:23[0m [32m[1m[INFO ][0m ← POST /rpc/obterStatusOkf 200 0.1ms [9b336bc4]
[90m2026-07-29 00:18:23[0m [32m[1m[INFO ][0m ← POST /rpc/obterStatusPlataformaMobile 200 7.9ms [23b6b084]
[90m2026-07-29 00:18:23[0m [32m[1m[INFO ][0m ← POST /rpc/obterStatusPlataformaMobile 200 7.9ms [737cd601]
[90m2026-07-29 00:18:23[0m [32m[1m[INFO ][0m ← POST /rpc/obterStatusOkf 200 0.2ms [82a861df]
[90m2026-07-29 00:18:23[0m [32m[1m[INFO ][0m ← POST /rpc/obterStatusOkf 200 0.2ms [6e273bf6]
[90m2026-07-29 00:18:23[0m [32m[1m[INFO ][0m ← POST /rpc/obterStatusPlataformaMobile 200 4.7ms [23097b7f]
[90m2026-07-29 00:18:23[0m [32m[1m[INFO ][0m ← POST /rpc/obterStatusPlataformaMobile 200 7.3ms [3aebe060]
[90m2026-07-29 00:18:23[0m [32m[1m[INFO ][0m ← POST /rpc/obterStatusPlataformaMobile 200 7.4ms [9580351d]
Abrindo em uma sessão de navegador existente.
[90m2026-07-29 00:18:23[0m [32m[1m[INFO ][0m ← POST /rpc/obterStatusBootstrap 200 4.0ms [9d6403fe]
Traceback (most recent call last)
app.nim(217)             app
core.nim(46)             runDesktopAppInternal
SIGINT: Interrupted by Ctrl-C.

Estação encerrada pelo usuário.
